Archive member included because of file (symbol)

c:/program files (x86)/atmel/atmel toolchain/arm gcc/native/4.8.1429/arm-gnu-toolchain/bin/../lib/gcc/arm-none-eabi/4.8.3/../../../../arm-none-eabi/lib/armv7e-m\libm.a(lib_a-s_sin.o)
                              src/main.o (sin)
c:/program files (x86)/atmel/atmel toolchain/arm gcc/native/4.8.1429/arm-gnu-toolchain/bin/../lib/gcc/arm-none-eabi/4.8.3/../../../../arm-none-eabi/lib/armv7e-m\libm.a(lib_a-e_rem_pio2.o)
                              c:/program files (x86)/atmel/atmel toolchain/arm gcc/native/4.8.1429/arm-gnu-toolchain/bin/../lib/gcc/arm-none-eabi/4.8.3/../../../../arm-none-eabi/lib/armv7e-m\libm.a(lib_a-s_sin.o) (__ieee754_rem_pio2)
c:/program files (x86)/atmel/atmel toolchain/arm gcc/native/4.8.1429/arm-gnu-toolchain/bin/../lib/gcc/arm-none-eabi/4.8.3/../../../../arm-none-eabi/lib/armv7e-m\libm.a(lib_a-k_cos.o)
                              c:/program files (x86)/atmel/atmel toolchain/arm gcc/native/4.8.1429/arm-gnu-toolchain/bin/../lib/gcc/arm-none-eabi/4.8.3/../../../../arm-none-eabi/lib/armv7e-m\libm.a(lib_a-s_sin.o) (__kernel_cos)
c:/program files (x86)/atmel/atmel toolchain/arm gcc/native/4.8.1429/arm-gnu-toolchain/bin/../lib/gcc/arm-none-eabi/4.8.3/../../../../arm-none-eabi/lib/armv7e-m\libm.a(lib_a-k_rem_pio2.o)
                              c:/program files (x86)/atmel/atmel toolchain/arm gcc/native/4.8.1429/arm-gnu-toolchain/bin/../lib/gcc/arm-none-eabi/4.8.3/../../../../arm-none-eabi/lib/armv7e-m\libm.a(lib_a-e_rem_pio2.o) (__kernel_rem_pio2)
c:/program files (x86)/atmel/atmel toolchain/arm gcc/native/4.8.1429/arm-gnu-toolchain/bin/../lib/gcc/arm-none-eabi/4.8.3/../../../../arm-none-eabi/lib/armv7e-m\libm.a(lib_a-k_sin.o)
                              c:/program files (x86)/atmel/atmel toolchain/arm gcc/native/4.8.1429/arm-gnu-toolchain/bin/../lib/gcc/arm-none-eabi/4.8.3/../../../../arm-none-eabi/lib/armv7e-m\libm.a(lib_a-s_sin.o) (__kernel_sin)
c:/program files (x86)/atmel/atmel toolchain/arm gcc/native/4.8.1429/arm-gnu-toolchain/bin/../lib/gcc/arm-none-eabi/4.8.3/../../../../arm-none-eabi/lib/armv7e-m\libm.a(lib_a-s_fabs.o)
                              c:/program files (x86)/atmel/atmel toolchain/arm gcc/native/4.8.1429/arm-gnu-toolchain/bin/../lib/gcc/arm-none-eabi/4.8.3/../../../../arm-none-eabi/lib/armv7e-m\libm.a(lib_a-e_rem_pio2.o) (fabs)
c:/program files (x86)/atmel/atmel toolchain/arm gcc/native/4.8.1429/arm-gnu-toolchain/bin/../lib/gcc/arm-none-eabi/4.8.3/../../../../arm-none-eabi/lib/armv7e-m\libm.a(lib_a-s_floor.o)
                              c:/program files (x86)/atmel/atmel toolchain/arm gcc/native/4.8.1429/arm-gnu-toolchain/bin/../lib/gcc/arm-none-eabi/4.8.3/../../../../arm-none-eabi/lib/armv7e-m\libm.a(lib_a-k_rem_pio2.o) (floor)
c:/program files (x86)/atmel/atmel toolchain/arm gcc/native/4.8.1429/arm-gnu-toolchain/bin/../lib/gcc/arm-none-eabi/4.8.3/../../../../arm-none-eabi/lib/armv7e-m\libm.a(lib_a-s_scalbn.o)
                              c:/program files (x86)/atmel/atmel toolchain/arm gcc/native/4.8.1429/arm-gnu-toolchain/bin/../lib/gcc/arm-none-eabi/4.8.3/../../../../arm-none-eabi/lib/armv7e-m\libm.a(lib_a-k_rem_pio2.o) (scalbn)
c:/program files (x86)/atmel/atmel toolchain/arm gcc/native/4.8.1429/arm-gnu-toolchain/bin/../lib/gcc/arm-none-eabi/4.8.3/../../../../arm-none-eabi/lib/armv7e-m\libm.a(lib_a-s_copysign.o)
                              c:/program files (x86)/atmel/atmel toolchain/arm gcc/native/4.8.1429/arm-gnu-toolchain/bin/../lib/gcc/arm-none-eabi/4.8.3/../../../../arm-none-eabi/lib/armv7e-m\libm.a(lib_a-s_scalbn.o) (copysign)
c:/program files (x86)/atmel/atmel toolchain/arm gcc/native/4.8.1429/arm-gnu-toolchain/bin/../lib/gcc/arm-none-eabi/4.8.3/armv7e-m\libgcc.a(_arm_addsubdf3.o)
                              c:/program files (x86)/atmel/atmel toolchain/arm gcc/native/4.8.1429/arm-gnu-toolchain/bin/../lib/gcc/arm-none-eabi/4.8.3/../../../../arm-none-eabi/lib/armv7e-m\libm.a(lib_a-s_sin.o) (__aeabi_dsub)
c:/program files (x86)/atmel/atmel toolchain/arm gcc/native/4.8.1429/arm-gnu-toolchain/bin/../lib/gcc/arm-none-eabi/4.8.3/armv7e-m\libgcc.a(_arm_muldivdf3.o)
                              src/main.o (__aeabi_dmul)
c:/program files (x86)/atmel/atmel toolchain/arm gcc/native/4.8.1429/arm-gnu-toolchain/bin/../lib/gcc/arm-none-eabi/4.8.3/armv7e-m\libgcc.a(_arm_cmpdf2.o)
                              c:/program files (x86)/atmel/atmel toolchain/arm gcc/native/4.8.1429/arm-gnu-toolchain/bin/../lib/gcc/arm-none-eabi/4.8.3/../../../../arm-none-eabi/lib/armv7e-m\libm.a(lib_a-e_rem_pio2.o) (__aeabi_dcmpeq)
c:/program files (x86)/atmel/atmel toolchain/arm gcc/native/4.8.1429/arm-gnu-toolchain/bin/../lib/gcc/arm-none-eabi/4.8.3/armv7e-m\libgcc.a(_arm_fixdfsi.o)
                              c:/program files (x86)/atmel/atmel toolchain/arm gcc/native/4.8.1429/arm-gnu-toolchain/bin/../lib/gcc/arm-none-eabi/4.8.3/../../../../arm-none-eabi/lib/armv7e-m\libm.a(lib_a-e_rem_pio2.o) (__aeabi_d2iz)
[...]
Memory Configuration

Name             Origin             Length             Attributes
rom              0x00400000         0x00100000         xr
ram              0x20000000         0x00014000         xrw
*default*        0x00000000         0xffffffff

Linker script and memory map

LOAD c:/program files (x86)/atmel/atmel toolchain/arm gcc/native/4.8.1429/arm-gnu-toolchain/bin/../lib/gcc/arm-none-eabi/4.8.3/armv7e-m/crti.o
LOAD c:/program files (x86)/atmel/atmel toolchain/arm gcc/native/4.8.1429/arm-gnu-toolchain/bin/../lib/gcc/arm-none-eabi/4.8.3/armv7e-m/crtbegin.o
LOAD c:/program files (x86)/atmel/atmel toolchain/arm gcc/native/4.8.1429/arm-gnu-toolchain/bin/../lib/gcc/arm-none-eabi/4.8.3/../../../../arm-none-eabi/lib/armv7e-m/crt0.o
LOAD src/ASF/common/components/memory/sd_mmc/sd_mmc.o
LOAD src/ASF/common/components/memory/sd_mmc/sd_mmc_mem.o
LOAD src/ASF/common/components/memory/sd_mmc/sd_mmc_spi.o
LOAD src/ASF/common/services/spi/sam_spi/spi_master.o
LOAD src/ASF/common/services/storage/ctrl_access/ctrl_access.o
LOAD src/ASF/sam/drivers/pio/pio.o
LOAD src/ASF/sam/drivers/pio/pio_handler.o
LOAD src/ASF/sam/drivers/rtc/rtc.o
LOAD src/ASF/sam/drivers/spi/spi.o
LOAD src/ASF/sam/drivers/twi/twi.o
LOAD src/ASF/common/services/delay/sam/cycle_counter.o
LOAD src/ASF/common/services/clock/sam4n/sysclk.o
LOAD src/ASF/sam/drivers/pmc/pmc.o
LOAD src/ASF/sam/drivers/tc/tc.o
LOAD src/ASF/sam/drivers/uart/uart.o
LOAD src/ASF/sam/drivers/pmc/sleep.o
LOAD src/ASF/common/boards/user_board/init.o
LOAD src/ASF/common/utils/interrupt/interrupt_sam_nvic.o
LOAD src/ASF/sam/drivers/wdt/wdt.o
LOAD src/ASF/sam/utils/cmsis/sam4n/source/templates/exceptions.o
LOAD src/ASF/sam/utils/cmsis/sam4n/source/templates/gcc/startup_sam4n.o
LOAD src/ASF/sam/utils/cmsis/sam4n/source/templates/system_sam4n.o
LOAD src/ASF/sam/utils/syscalls/gcc/syscalls.o
LOAD src/ASF/thirdparty/fatfs/fatfs-port-r0.09/diskio.o
LOAD src/ASF/thirdparty/fatfs/fatfs-port-r0.09/sam/fattime_rtc.o
LOAD src/ASF/thirdparty/fatfs/fatfs-r0.09/src/ff.o
LOAD src/ASF/thirdparty/fatfs/fatfs-r0.09/src/option/ccsbcs.o
LOAD src/LCD.o
LOAD src/main.o
START GROUP
LOAD ../src/ASF/thirdparty/CMSIS/Lib/GCC\libarm_cortexM4l_math.a
LOAD c:/program files (x86)/atmel/atmel toolchain/arm gcc/native/4.8.1429/arm-gnu-toolchain/bin/../lib/gcc/arm-none-eabi/4.8.3/../../../../arm-none-eabi/lib/armv7e-m\libm.a
END GROUP
START GROUP
LOAD c:/program files (x86)/atmel/atmel toolchain/arm gcc/native/4.8.1429/arm-gnu-toolchain/bin/../lib/gcc/arm-none-eabi/4.8.3/armv7e-m\libgcc.a
LOAD c:/program files (x86)/atmel/atmel toolchain/arm gcc/native/4.8.1429/arm-gnu-toolchain/bin/../lib/gcc/arm-none-eabi/4.8.3/../../../../arm-none-eabi/lib/armv7e-m\libc.a
END GROUP
LOAD c:/program files (x86)/atmel/atmel toolchain/arm gcc/native/4.8.1429/arm-gnu-toolchain/bin/../lib/gcc/arm-none-eabi/4.8.3/armv7e-m/crtend.o
LOAD c:/program files (x86)/atmel/atmel toolchain/arm gcc/native/4.8.1429/arm-gnu-toolchain/bin/../lib/gcc/arm-none-eabi/4.8.3/armv7e-m/crtn.o
                0x00003000                __stack_size__ = DEFINED (__stack_size__)?__stack_size__:0x3000
                0x20013ffc                __ram_end__ = ((ORIGIN (ram) + 0x14000) - 0x4)

.text           0x00400000     0x41cc
                0x00400000                . = ALIGN (0x4)
                0x00400000                _sfixed = .
 *(.vectors .vectors.*)
 .vectors       0x00400000       0xc0 src/ASF/sam/utils/cmsis/sam4n/source/templates/gcc/startup_sam4n.o
                0x00400000                exception_table
 *(.text .text.* .gnu.linkonce.t.*)
 .text          0x004000c0       0xb0 c:/program files (x86)/atmel/atmel toolchain/arm gcc/native/4.8.1429/arm-gnu-toolchain/bin/../lib/gcc/arm-none-eabi/4.8.3/armv7e-m/crtbegin.o
 .text.sd_mmc_init
                0x00400170       0x48 src/ASF/common/components/memory/sd_mmc/sd_mmc.o
                0x00400170                sd_mmc_init
 .text.spi_enable
                0x004001b8       0x18 src/ASF/common/components/memory/sd_mmc/sd_mmc_spi.o
 .text.spi_is_enabled
                0x004001d0       0x28 src/ASF/common/components/memory/sd_mmc/sd_mmc_spi.o
 .text.sd_mmc_spi_init
                0x004001f8       0x38 src/ASF/common/components/memory/sd_mmc/sd_mmc_spi.o
                0x004001f8                sd_mmc_spi_init
 .text.spi_reset
                0x00400230       0x18 src/ASF/common/services/spi/sam_spi/spi_master.o
 .text.spi_set_master_mode
                0x00400248       0x20 src/ASF/common/services/spi/sam_spi/spi_master.o
 .text.spi_set_fixed_peripheral_select
                0x00400268       0x20 src/ASF/common/services/spi/sam_spi/spi_master.o
 .text.spi_disable_peripheral_select_decode
                0x00400288       0x20 src/ASF/common/services/spi/sam_spi/spi_master.o
 .text.spi_disable_mode_fault_detect
                0x004002a8       0x20 src/ASF/common/services/spi/sam_spi/spi_master.o
 .text.spi_disable_loopback
                0x004002c8       0x20 src/ASF/common/services/spi/sam_spi/spi_master.o
 .text.spi_master_init
                0x004002e8       0x6c src/ASF/common/services/spi/sam_spi/spi_master.o
                0x004002e8                spi_master_init
 .text.pio_pull_up
                0x00400354       0x2c src/ASF/sam/drivers/pio/pio.o
                0x00400354                pio_pull_up
 .text.pio_set  0x00400380       0x1c src/ASF/sam/drivers/pio/pio.o
                0x00400380                pio_set
 .text.pio_clear
                0x0040039c       0x1c src/ASF/sam/drivers/pio/pio.o
                0x0040039c                pio_clear
 .text.pio_set_peripheral
                0x004003b8      0x110 src/ASF/sam/drivers/pio/pio.o
                0x004003b8                pio_set_peripheral
 .text.pio_set_input
                0x004004c8       0x7c src/ASF/sam/drivers/pio/pio.o
                0x004004c8                pio_set_input
 .text.pio_set_output
                0x00400544       0x64 src/ASF/sam/drivers/pio/pio.o
                0x00400544                pio_set_output
 .text.pio_configure
                0x004005a8       0xc8 src/ASF/sam/drivers/pio/pio.o
                0x004005a8                pio_configure
 .text.pio_disable_interrupt
                0x00400670       0x1c src/ASF/sam/drivers/pio/pio.o
                0x00400670                pio_disable_interrupt
 .text.pio_get_interrupt_status
                0x0040068c       0x18 src/ASF/sam/drivers/pio/pio.o
                0x0040068c                pio_get_interrupt_status
 .text.pio_get_interrupt_mask
                0x004006a4       0x18 src/ASF/sam/drivers/pio/pio.o
                0x004006a4                pio_get_interrupt_mask
 .text.pio_handler_process
                0x004006bc       0xb4 src/ASF/sam/drivers/pio/pio_handler.o
                0x004006bc                pio_handler_process
 .text.PIOA_Handler
                0x00400770       0x18 src/ASF/sam/drivers/pio/pio_handler.o
                0x00400770                PIOA_Handler
 .text.PIOB_Handler
                0x00400788       0x18 src/ASF/sam/drivers/pio/pio_handler.o
                0x00400788                PIOB_Handler
 .text.PIOC_Handler
                0x004007a0       0x18 src/ASF/sam/drivers/pio/pio_handler.o
                0x004007a0                PIOC_Handler
 .text.sysclk_enable_peripheral_clock
                0x004007b8       0x18 src/ASF/sam/drivers/spi/spi.o
 .text.spi_enable_clock
                0x004007d0       0x18 src/ASF/sam/drivers/spi/spi.o
                0x004007d0                spi_enable_clock
 .text.spi_set_peripheral_chip_select_value
                0x004007e8       0x34 src/ASF/sam/drivers/spi/spi.o
                0x004007e8                spi_set_peripheral_chip_select_value
 .text.spi_set_delay_between_chip_select
                0x0040081c       0x30 src/ASF/sam/drivers/spi/spi.o
                0x0040081c                spi_set_delay_between_chip_select
 .text.twi_enable_master_mode
                0x0040084c       0x24 src/ASF/sam/drivers/twi/twi.o
                0x0040084c                twi_enable_master_mode
 .text.twi_master_init
                0x00400870       0x68 src/ASF/sam/drivers/twi/twi.o
                0x00400870                twi_master_init
 .text.twi_set_speed
                0x004008d8       0x70 src/ASF/sam/drivers/twi/twi.o
                0x004008d8                twi_set_speed
 .text.twi_reset
                0x00400948       0x1c src/ASF/sam/drivers/twi/twi.o
                0x00400948                twi_reset
 .text.osc_enable
                0x00400964       0x84 src/ASF/common/services/clock/sam4n/sysclk.o
 .text.osc_is_ready
                0x004009e8       0x70 src/ASF/common/services/clock/sam4n/sysclk.o
 .text.osc_get_rate
                0x00400a58       0x74 src/ASF/common/services/clock/sam4n/sysclk.o
 .text.osc_wait_ready
                0x00400acc       0x2c src/ASF/common/services/clock/sam4n/sysclk.o
 .text.pll_config_init
                0x00400af8       0x54 src/ASF/common/services/clock/sam4n/sysclk.o
 .text.pll_enable
                0x00400b4c       0x30 src/ASF/common/services/clock/sam4n/sysclk.o
 .text.pll_is_locked
                0x00400b7c       0x24 src/ASF/common/services/clock/sam4n/sysclk.o
 .text.pll_enable_source
                0x00400ba0       0x34 src/ASF/common/services/clock/sam4n/sysclk.o
 .text.pll_wait_for_lock
                0x00400bd4       0x24 src/ASF/common/services/clock/sam4n/sysclk.o
 .text.sysclk_get_main_hz
                0x00400bf8       0x20 src/ASF/common/services/clock/sam4n/sysclk.o
 .text.sysclk_get_cpu_hz
                0x00400c18       0x14 src/ASF/common/services/clock/sam4n/sysclk.o
 .text.sysclk_init
                0x00400c2c       0x70 src/ASF/common/services/clock/sam4n/sysclk.o
                0x00400c2c                sysclk_init
 .text.pmc_switch_mck_to_pllack
                0x00400c9c       0x84 src/ASF/sam/drivers/pmc/pmc.o
                0x00400c9c                pmc_switch_mck_to_pllack
 .text.pmc_switch_sclk_to_32kxtal
                0x00400d20       0x38 src/ASF/sam/drivers/pmc/pmc.o
                0x00400d20                pmc_switch_sclk_to_32kxtal
 .text.pmc_osc_is_ready_32kxtal
                0x00400d58       0x34 src/ASF/sam/drivers/pmc/pmc.o
                0x00400d58                pmc_osc_is_ready_32kxtal
 .text.pmc_switch_mainck_to_fastrc
                0x00400d8c       0x70 src/ASF/sam/drivers/pmc/pmc.o
                0x00400d8c                pmc_switch_mainck_to_fastrc
 .text.pmc_switch_mainck_to_xtal
                0x00400dfc       0x78 src/ASF/sam/drivers/pmc/pmc.o
                0x00400dfc                pmc_switch_mainck_to_xtal
 .text.pmc_osc_is_ready_mainck
                0x00400e74       0x1c src/ASF/sam/drivers/pmc/pmc.o
                0x00400e74                pmc_osc_is_ready_mainck
 .text.pmc_disable_pllack
                0x00400e90       0x18 src/ASF/sam/drivers/pmc/pmc.o
                0x00400e90                pmc_disable_pllack
 .text.pmc_is_locked_pllack
                0x00400ea8       0x1c src/ASF/sam/drivers/pmc/pmc.o
                0x00400ea8                pmc_is_locked_pllack
 .text.pmc_enable_periph_clk
                0x00400ec4       0x50 src/ASF/sam/drivers/pmc/pmc.o
                0x00400ec4                pmc_enable_periph_clk
 .text.uart_init
                0x00400f14       0x64 src/ASF/sam/drivers/uart/uart.o
                0x00400f14                uart_init
 .text.sysclk_enable_peripheral_clock
                0x00400f78       0x18 src/ASF/common/boards/user_board/init.o
 .text.ioport_init
                0x00400f90       0x1c src/ASF/common/boards/user_board/init.o
 .text.ioport_disable_pin
                0x00400fac       0x48 src/ASF/common/boards/user_board/init.o
 .text.ioport_set_pin_mode
                0x00400ff4      0x11c src/ASF/common/boards/user_board/init.o
 .text.ioport_set_pin_dir
                0x00401110       0x88 src/ASF/common/boards/user_board/init.o
 .text.board_init
                0x00401198       0x90 src/ASF/common/boards/user_board/init.o
                0x00401198                board_init
 .text.wdt_disable
                0x00401228       0x1c src/ASF/sam/drivers/wdt/wdt.o
                0x00401228                wdt_disable
 .text.Dummy_Handler
                0x00401244        0x8 src/ASF/sam/utils/cmsis/sam4n/source/templates/exceptions.o
                0x00401244                DACC_Handler
                0x00401244                DebugMon_Handler
                0x00401244                UART3_Handler
                0x00401244                UART2_Handler
                0x00401244                HardFault_Handler
                0x00401244                TC2_Handler
                0x00401244                SPI_Handler
                0x00401244                SysTick_Handler
                0x00401244                TWI1_Handler
                0x00401244                PendSV_Handler
                0x00401244                NMI_Handler
                0x00401244                ADC_Handler
                0x00401244                USART0_Handler
                0x00401244                RTT_Handler
                0x00401244                RTC_Handler
                0x00401244                UsageFault_Handler
                0x00401244                WDT_Handler
                0x00401244                TC4_Handler
                0x00401244                TC1_Handler
                0x00401244                UART1_Handler
                0x00401244                TC3_Handler
                0x00401244                Dummy_Handler
                0x00401244                TWI0_Handler
                0x00401244                TWI2_Handler
                0x00401244                USART1_Handler
                0x00401244                PMC_Handler
                0x00401244                PWM_Handler
                0x00401244                MemManage_Handler
                0x00401244                SUPC_Handler
                0x00401244                SVC_Handler
                0x00401244                EFC_Handler
                0x00401244                USART2_Handler
                0x00401244                UART0_Handler
                0x00401244                BusFault_Handler
                0x00401244                RSTC_Handler
                0x00401244                TC0_Handler
                0x00401244                TC5_Handler
 .text.Reset_Handler
                0x0040124c       0x84 src/ASF/sam/utils/cmsis/sam4n/source/templates/gcc/startup_sam4n.o
                0x0040124c                Reset_Handler
 .text.SystemCoreClockUpdate
                0x004012d0      0x168 src/ASF/sam/utils/cmsis/sam4n/source/templates/system_sam4n.o
                0x004012d0                SystemCoreClockUpdate
 .text.system_init_flash
                0x00401438       0x7c src/ASF/sam/utils/cmsis/sam4n/source/templates/system_sam4n.o
                0x00401438                system_init_flash
 .text.osc_get_rate
                0x004014b4       0x74 src/LCD.o
 .text.sysclk_get_main_hz
                0x00401528       0x20 src/LCD.o
 .text.sysclk_get_cpu_hz
                0x00401548       0x14 src/LCD.o
 .text.turnLCDon
                0x0040155c       0x18 src/LCD.o
                0x0040155c                turnLCDon
 .text.drawPixel
                0x00401574       0x9c src/LCD.o
                0x00401574                drawPixel
 .text.cmd_nDat8
                0x00401610       0xe8 src/LCD.o
                0x00401610                cmd_nDat8
 .text.lcd_init
                0x004016f8       0xe0 src/LCD.o
                0x004016f8                lcd_init
 .text.setup_lcd
                0x004017d8      0x388 src/LCD.o
                0x004017d8                setup_lcd
 .text.osc_get_rate
                0x00401b60       0x74 src/main.o
 .text.sysclk_get_main_hz
                0x00401bd4       0x20 src/main.o
 .text.sysclk_get_cpu_hz
                0x00401bf4       0x14 src/main.o
 .text.main     0x00401c08      0x2e0 src/main.o
                0x00401c08                main
 .text.uart_custom_init
                0x00401ee8       0x58 src/main.o
                0x00401ee8                uart_custom_init
 .text          0x00401f40       0x74 c:/program files (x86)/atmel/atmel toolchain/arm gcc/native/4.8.1429/arm-gnu-toolchain/bin/../lib/gcc/arm-none-eabi/4.8.3/../../../../arm-none-eabi/lib/armv7e-m\libm.a(lib_a-s_sin.o)
                0x00401f40                sin
 *fill*         0x00401fb4        0x4 
 .text          0x00401fb8      0x3f0 c:/program files (x86)/atmel/atmel toolchain/arm gcc/native/4.8.1429/arm-gnu-toolchain/bin/../lib/gcc/arm-none-eabi/4.8.3/../../../../arm-none-eabi/lib/armv7e-m\libm.a(lib_a-e_rem_pio2.o)
                0x00401fb8                __ieee754_rem_pio2
 .text          0x004023a8      0x1d8 c:/program files (x86)/atmel/atmel toolchain/arm gcc/native/4.8.1429/arm-gnu-toolchain/bin/../lib/gcc/arm-none-eabi/4.8.3/../../../../arm-none-eabi/lib/armv7e-m\libm.a(lib_a-k_cos.o)
                0x004023a8                __kernel_cos
 .text          0x00402580      0x68c c:/program files (x86)/atmel/atmel toolchain/arm gcc/native/4.8.1429/arm-gnu-toolchain/bin/../lib/gcc/arm-none-eabi/4.8.3/../../../../arm-none-eabi/lib/armv7e-m\libm.a(lib_a-k_rem_pio2.o)
                0x00402580                __kernel_rem_pio2
 *fill*         0x00402c0c        0x4 
 .text          0x00402c10      0x180 c:/program files (x86)/atmel/atmel toolchain/arm gcc/native/4.8.1429/arm-gnu-toolchain/bin/../lib/gcc/arm-none-eabi/4.8.3/../../../../arm-none-eabi/lib/armv7e-m\libm.a(lib_a-k_sin.o)
                0x00402c10                __kernel_sin
 .text          0x00402d90        0x6 c:/program files (x86)/atmel/atmel toolchain/arm gcc/native/4.8.1429/arm-gnu-toolchain/bin/../lib/gcc/arm-none-eabi/4.8.3/../../../../arm-none-eabi/lib/armv7e-m\libm.a(lib_a-s_fabs.o)
                0x00402d90                fabs
 *fill*         0x00402d96        0x2 
 .text          0x00402d98      0x110 c:/program files (x86)/atmel/atmel toolchain/arm gcc/native/4.8.1429/arm-gnu-toolchain/bin/../lib/gcc/arm-none-eabi/4.8.3/../../../../arm-none-eabi/lib/armv7e-m\libm.a(lib_a-s_floor.o)
                0x00402d98                floor
 .text          0x00402ea8       0xe8 c:/program files (x86)/atmel/atmel toolchain/arm gcc/native/4.8.1429/arm-gnu-toolchain/bin/../lib/gcc/arm-none-eabi/4.8.3/../../../../arm-none-eabi/lib/armv7e-m\libm.a(lib_a-s_scalbn.o)
                0x00402ea8                scalbn
 .text          0x00402f90       0x10 c:/program files (x86)/atmel/atmel toolchain/arm gcc/native/4.8.1429/arm-gnu-toolchain/bin/../lib/gcc/arm-none-eabi/4.8.3/../../../../arm-none-eabi/lib/armv7e-m\libm.a(lib_a-s_copysign.o)
                0x00402f90                copysign
 .text          0x00402fa0      0x370 c:/program files (x86)/atmel/atmel toolchain/arm gcc/native/4.8.1429/arm-gnu-toolchain/bin/../lib/gcc/arm-none-eabi/4.8.3/armv7e-m\libgcc.a(_arm_addsubdf3.o)
                0x00402fa0                __aeabi_drsub
                0x00402fa8                __aeabi_dsub
                0x00402fa8                __subdf3
                0x00402fac                __aeabi_dadd
                0x00402fac                __adddf3
                0x00403224                __floatunsidf
                0x00403224                __aeabi_ui2d
                0x00403244                __floatsidf
                0x00403244                __aeabi_i2d
                0x00403268                __aeabi_f2d
                0x00403268                __extendsfdf2
                0x004032a4                __floatundidf
                0x004032a4                __aeabi_ul2d
                0x004032b4                __floatdidf
                0x004032b4                __aeabi_l2d
 .text          0x00403310      0x424 c:/program files (x86)/atmel/atmel toolchain/arm gcc/native/4.8.1429/arm-gnu-toolchain/bin/../lib/gcc/arm-none-eabi/4.8.3/armv7e-m\libgcc.a(_arm_muldivdf3.o)
                0x00403310                __aeabi_dmul
                0x00403310                __muldf3
                0x00403564                __divdf3
                0x00403564                __aeabi_ddiv
 .text          0x00403734      0x110 c:/program files (x86)/atmel/atmel toolchain/arm gcc/native/4.8.1429/arm-gnu-toolchain/bin/../lib/gcc/arm-none-eabi/4.8.3/armv7e-m\libgcc.a(_arm_cmpdf2.o)
                0x00403734                __gtdf2
                0x00403734                __gedf2
                0x0040373c                __ltdf2
                0x0040373c                __ledf2
                0x00403744                __nedf2
                0x00403744                __eqdf2
                0x00403744                __cmpdf2
                0x004037c0                __aeabi_cdrcmple
                0x004037d0                __aeabi_cdcmpeq
                0x004037d0                __aeabi_cdcmple
                0x004037e0                __aeabi_dcmpeq
                0x004037f4                __aeabi_dcmplt
                0x00403808                __aeabi_dcmple
                0x0040381c                __aeabi_dcmpge
                0x00403830                __aeabi_dcmpgt
 .text          0x00403844       0x50 c:/program files (x86)/atmel/atmel toolchain/arm gcc/native/4.8.1429/arm-gnu-toolchain/bin/../lib/gcc/arm-none-eabi/4.8.3/armv7e-m\libgcc.a(_arm_fixdfsi.o)
                0x00403844                __aeabi_d2iz
                0x00403844                __fixdfsi
 .text          0x00403894       0x40 c:/program files (x86)/atmel/atmel toolchain/arm gcc/native/4.8.1429/arm-gnu-toolchain/bin/../lib/gcc/arm-none-eabi/4.8.3/armv7e-m\libgcc.a(_arm_fixunsdfsi.o)
                0x00403894                __aeabi_d2uiz
                0x00403894                __fixunsdfsi
 .text          0x004038d4       0x2c c:/program files (x86)/atmel/atmel toolchain/arm gcc/native/4.8.1429/arm-gnu-toolchain/bin/../lib/gcc/arm-none-eabi/4.8.3/armv7e-m\libgcc.a(_aeabi_uldivmod.o)
                0x004038d4                __aeabi_uldivmod
 .text          0x00403900       0x60 c:/program files (x86)/atmel/atmel toolchain/arm gcc/native/4.8.1429/arm-gnu-toolchain/bin/../lib/gcc/arm-none-eabi/4.8.3/armv7e-m\libgcc.a(bpabi.o)
                0x00403900                __gnu_ldivmod_helper
                0x00403930                __gnu_uldivmod_helper
 .text          0x00403960        0x4 c:/program files (x86)/atmel/atmel toolchain/arm gcc/native/4.8.1429/arm-gnu-toolchain/bin/../lib/gcc/arm-none-eabi/4.8.3/armv7e-m\libgcc.a(_dvmd_tls.o)
                0x00403960                __aeabi_idiv0
                0x00403960                __aeabi_ldiv0
 .text          0x00403964      0x298 c:/program files (x86)/atmel/atmel toolchain/arm gcc/native/4.8.1429/arm-gnu-toolchain/bin/../lib/gcc/arm-none-eabi/4.8.3/armv7e-m\libgcc.a(_divdi3.o)
                0x00403964                __divdi3
 .text          0x00403bfc      0x284 c:/program files (x86)/atmel/atmel toolchain/arm gcc/native/4.8.1429/arm-gnu-toolchain/bin/../lib/gcc/arm-none-eabi/4.8.3/armv7e-m\libgcc.a(_udivdi3.o)
                0x00403bfc                __udivdi3
 .text          0x00403e80       0x4c c:/program files (x86)/atmel/atmel toolchain/arm gcc/native/4.8.1429/arm-gnu-toolchain/bin/../lib/gcc/arm-none-eabi/4.8.3/../../../../arm-none-eabi/lib/armv7e-m\libc.a(lib_a-init.o)
                0x00403e80                __libc_init_array
 .text.startup  0x00403ecc       0x14 c:/program files (x86)/atmel/atmel toolchain/arm gcc/native/4.8.1429/arm-gnu-toolchain/bin/../lib/gcc/arm-none-eabi/4.8.3/../../../../arm-none-eabi/lib/armv7e-m\libc.a(lib_a-__call_atexit.o)
 .text          0x00403ee0        0xc c:/program files (x86)/atmel/atmel toolchain/arm gcc/native/4.8.1429/arm-gnu-toolchain/bin/../lib/gcc/arm-none-eabi/4.8.3/../../../../arm-none-eabi/lib/armv7e-m\libc.a(lib_a-atexit.o)
                0x00403ee0                atexit
 .text          0x00403eec       0x2c c:/program files (x86)/atmel/atmel toolchain/arm gcc/native/4.8.1429/arm-gnu-toolchain/bin/../lib/gcc/arm-none-eabi/4.8.3/../../../../arm-none-eabi/lib/armv7e-m\libc.a(lib_a-fini.o)
                0x00403eec                __libc_fini_array
 .text          0x00403f18       0x98 c:/program files (x86)/atmel/atmel toolchain/arm gcc/native/4.8.1429/arm-gnu-toolchain/bin/../lib/gcc/arm-none-eabi/4.8.3/../../../../arm-none-eabi/lib/armv7e-m\libc.a(lib_a-__atexit.o)
                0x00403f18                __register_exitproc
 *(.glue_7t)
 .glue_7t       0x00000000        0x0 linker stubs
 *(.glue_7)
 .glue_7        0x00000000        0x0 linker stubs
 *(.rodata .rodata* .gnu.linkonce.r.*)
 .rodata        0x00403fb0       0x18 src/main.o
 .rodata        0x00403fc8      0x188 c:/program files (x86)/atmel/atmel toolchain/arm gcc/native/4.8.1429/arm-gnu-toolchain/bin/../lib/gcc/arm-none-eabi/4.8.3/../../../../arm-none-eabi/lib/armv7e-m\libm.a(lib_a-e_rem_pio2.o)
 .rodata        0x00404150       0x50 c:/program files (x86)/atmel/atmel toolchain/arm gcc/native/4.8.1429/arm-gnu-toolchain/bin/../lib/gcc/arm-none-eabi/4.8.3/../../../../arm-none-eabi/lib/armv7e-m\libm.a(lib_a-k_rem_pio2.o)
 .rodata        0x004041a0        0x4 c:/program files (x86)/atmel/atmel toolchain/arm gcc/native/4.8.1429/arm-gnu-toolchain/bin/../lib/gcc/arm-none-eabi/4.8.3/../../../../arm-none-eabi/lib/armv7e-m\libc.a(lib_a-impure.o)
                0x004041a0                _global_impure_ptr
 .rodata.str1.1
                0x004041a4        0x2 c:/program files (x86)/atmel/atmel toolchain/arm gcc/native/4.8.1429/arm-gnu-toolchain/bin/../lib/gcc/arm-none-eabi/4.8.3/../../../../arm-none-eabi/lib/armv7e-m\libc.a(lib_a-impure.o)
 *(.ARM.extab* .gnu.linkonce.armextab.*)
                0x004041a8                . = ALIGN (0x4)
 *fill*         0x004041a6        0x2 
 *(.init)
 .init          0x004041a8        0x4 c:/program files (x86)/atmel/atmel toolchain/arm gcc/native/4.8.1429/arm-gnu-toolchain/bin/../lib/gcc/arm-none-eabi/4.8.3/armv7e-m/crti.o
                0x004041a8                _init
 .init          0x004041ac        0x8 c:/program files (x86)/atmel/atmel toolchain/arm gcc/native/4.8.1429/arm-gnu-toolchain/bin/../lib/gcc/arm-none-eabi/4.8.3/armv7e-m/crtn.o
                0x004041b4                . = ALIGN (0x4)
                0x004041b4                __preinit_array_start = .
 *(.preinit_array)
                0x004041b4                __preinit_array_end = .
                0x004041b4                . = ALIGN (0x4)
                0x004041b4                __init_array_start = .
 *(SORT(.init_array.*))
 .init_array.00000
                0x004041b4        0x4 c:/program files (x86)/atmel/atmel toolchain/arm gcc/native/4.8.1429/arm-gnu-toolchain/bin/../lib/gcc/arm-none-eabi/4.8.3/../../../../arm-none-eabi/lib/armv7e-m\libc.a(lib_a-__call_atexit.o)
 *(.init_array)
 .init_array    0x004041b8        0x4 c:/program files (x86)/atmel/atmel toolchain/arm gcc/native/4.8.1429/arm-gnu-toolchain/bin/../lib/gcc/arm-none-eabi/4.8.3/armv7e-m/crtbegin.o
                0x004041bc                __init_array_end = .
                0x004041bc                . = ALIGN (0x4)
 *crtbegin.o(.ctors)
 *(EXCLUDE_FILE(*crtend.o) .ctors)
 *(SORT(.ctors.*))
 *crtend.o(.ctors)
                0x004041bc                . = ALIGN (0x4)
 *(.fini)
 .fini          0x004041bc        0x4 c:/program files (x86)/atmel/atmel toolchain/arm gcc/native/4.8.1429/arm-gnu-toolchain/bin/../lib/gcc/arm-none-eabi/4.8.3/armv7e-m/crti.o
                0x004041bc                _fini
 .fini          0x004041c0        0x8 c:/program files (x86)/atmel/atmel toolchain/arm gcc/native/4.8.1429/arm-gnu-toolchain/bin/../lib/gcc/arm-none-eabi/4.8.3/armv7e-m/crtn.o
                0x004041c8                . = ALIGN (0x4)
                0x004041c8                __fini_array_start = .
 *(.fini_array)
 .fini_array    0x004041c8        0x4 c:/program files (x86)/atmel/atmel toolchain/arm gcc/native/4.8.1429/arm-gnu-toolchain/bin/../lib/gcc/arm-none-eabi/4.8.3/armv7e-m/crtbegin.o
 *(SORT(.fini_array.*))
                0x004041cc                __fini_array_end = .
 *crtbegin.o(.dtors)
 *(EXCLUDE_FILE(*crtend.o) .dtors)
 *(SORT(.dtors.*))
 *crtend.o(.dtors)
                0x004041cc                . = ALIGN (0x4)
                0x004041cc                _efixed = .
                0x004041cc                PROVIDE (__exidx_start, .)

.vfp11_veneer   0x004041cc        0x0
 .vfp11_veneer  0x00000000        0x0 linker stubs

.v4_bx          0x004041cc        0x0
 .v4_bx         0x00000000        0x0 linker stubs

.iplt           0x004041cc        0x0
 .iplt          0x00000000        0x0 c:/program files (x86)/atmel/atmel toolchain/arm gcc/native/4.8.1429/arm-gnu-toolchain/bin/../lib/gcc/arm-none-eabi/4.8.3/armv7e-m/crtbegin.o

.ARM.exidx      0x004041cc        0x8
 *(.ARM.exidx* .gnu.linkonce.armexidx.*)
 .ARM.exidx     0x004041cc        0x8 c:/program files (x86)/atmel/atmel toolchain/arm gcc/native/4.8.1429/arm-gnu-toolchain/bin/../lib/gcc/arm-none-eabi/4.8.3/armv7e-m\libgcc.a(_divdi3.o)
 .ARM.exidx     0x004041d4        0x0 c:/program files (x86)/atmel/atmel toolchain/arm gcc/native/4.8.1429/arm-gnu-toolchain/bin/../lib/gcc/arm-none-eabi/4.8.3/armv7e-m\libgcc.a(_udivdi3.o)
                                  0x8 (size before relaxing)
                0x004041d4                PROVIDE (__exidx_end, .)

.eh_frame       0x004041d4        0x0
 .eh_frame      0x004041d4        0x0 c:/program files (x86)/atmel/atmel toolchain/arm gcc/native/4.8.1429/arm-gnu-toolchain/bin/../lib/gcc/arm-none-eabi/4.8.3/armv7e-m/crtbegin.o

.rel.dyn        0x004041d4        0x0
 .rel.iplt      0x00000000        0x0 c:/program files (x86)/atmel/atmel toolchain/arm gcc/native/4.8.1429/arm-gnu-toolchain/bin/../lib/gcc/arm-none-eabi/4.8.3/armv7e-m/crtbegin.o

.jcr            0x004041d4        0x0
 .jcr           0x004041d4        0x0 c:/program files (x86)/atmel/atmel toolchain/arm gcc/native/4.8.1429/arm-gnu-toolchain/bin/../lib/gcc/arm-none-eabi/4.8.3/armv7e-m/crtbegin.o

.tm_clone_table
                0x004041d4        0x0
 .tm_clone_table
                0x004041d4        0x0 c:/program files (x86)/atmel/atmel toolchain/arm gcc/native/4.8.1429/arm-gnu-toolchain/bin/../lib/gcc/arm-none-eabi/4.8.3/armv7e-m/crtbegin.o
 .tm_clone_table
                0x004041d4        0x0 c:/program files (x86)/atmel/atmel toolchain/arm gcc/native/4.8.1429/arm-gnu-toolchain/bin/../lib/gcc/arm-none-eabi/4.8.3/armv7e-m/crtend.o

.igot.plt       0x004041d4        0x0
 .igot.plt      0x00000000        0x0 c:/program files (x86)/atmel/atmel toolchain/arm gcc/native/4.8.1429/arm-gnu-toolchain/bin/../lib/gcc/arm-none-eabi/4.8.3/armv7e-m/crtbegin.o
                0x004041d4                . = ALIGN (0x4)
                0x004041d4                _etext = .

.relocate       0x20000000      0x478 load address 0x004041d4
                0x20000000                . = ALIGN (0x4)
                0x20000000                _srelocate = .
 *(.ramfunc .ramfunc.*)
 .ramfunc       0x20000000       0x1c src/ASF/common/services/delay/sam/cycle_counter.o
                0x20000000                portable_delay_cycles
 *(.data .data.*)
 .data.sd_mmc_cards
                0x2000001c       0x24 src/ASF/common/components/memory/sd_mmc/sd_mmc.o
 .data.SystemCoreClock
                0x20000040        0x4 src/ASF/sam/utils/cmsis/sam4n/source/templates/system_sam4n.o
                0x20000040                SystemCoreClock
 *fill*         0x20000044        0x4 
 .data          0x20000048      0x430 c:/program files (x86)/atmel/atmel toolchain/arm gcc/native/4.8.1429/arm-gnu-toolchain/bin/../lib/gcc/arm-none-eabi/4.8.3/../../../../arm-none-eabi/lib/armv7e-m\libc.a(lib_a-impure.o)
                0x20000048                _impure_ptr
                0x20000478                . = ALIGN (0x4)
                0x20000478                _erelocate = .

.bss            0x20000478       0xb0 load address 0x0040464c
                0x20000478                . = ALIGN (0x4)
                0x20000478                _sbss = .
                0x20000478                _szero = .
 *(.bss .bss.*)
 .bss           0x20000478       0x1c c:/program files (x86)/atmel/atmel toolchain/arm gcc/native/4.8.1429/arm-gnu-toolchain/bin/../lib/gcc/arm-none-eabi/4.8.3/armv7e-m/crtbegin.o
 .bss.sd_mmc_slot_sel
                0x20000494        0x1 src/ASF/common/components/memory/sd_mmc/sd_mmc.o
 .bss.sd_mmc_spi_err
                0x20000495        0x1 src/ASF/common/components/memory/sd_mmc/sd_mmc_spi.o
 *fill*         0x20000496        0x2 
 .bss.gs_interrupt_sources
                0x20000498       0x70 src/ASF/sam/drivers/pio/pio_handler.o
 .bss.twi2Tx    0x20000508        0x4 src/main.o
                0x20000508                twi2Tx
 *(COMMON)
 COMMON         0x2000050c       0x1c src/main.o
                0x2000050c                twi2Rx
                0x20000518                PALETTE
                0x20000528                . = ALIGN (0x4)
                0x20000528                _ebss = .
                0x20000528                _ezero = .

.stack          0x20000528     0x3000 load address 0x004046fc
                0x20000528                . = ALIGN (0x8)
                0x20000528                _sstack = .
                0x20003528                . = (. + __stack_size__)
 *fill*         0x20000528     0x3000 
                0x20003528                . = ALIGN (0x8)
                0x20003528                _estack = .
                0x20003528                . = ALIGN (0x4)
                0x20003528                _end = .
OUTPUT(SensoBoard.elf elf32-littlearm)

.ARM.attributes
                0x00000000       0x2a
 .ARM.attributes
                0x00000000       0x1e c:/program files (x86)/atmel/atmel toolchain/arm gcc/native/4.8.1429/arm-gnu-toolchain/bin/../lib/gcc/arm-none-eabi/4.8.3/armv7e-m/crti.o
 .ARM.attributes
                0x0000001e       0x2e c:/program files (x86)/atmel/atmel toolchain/arm gcc/native/4.8.1429/arm-gnu-toolchain/bin/../lib/gcc/arm-none-eabi/4.8.3/armv7e-m/crtbegin.o
 .ARM.attributes
                0x0000004c       0x33 src/ASF/common/components/memory/sd_mmc/sd_mmc.o
 .ARM.attributes
                0x0000007f       0x33 src/ASF/common/components/memory/sd_mmc/sd_mmc_spi.o
 .ARM.attributes
                0x000000b2       0x33 src/ASF/common/services/spi/sam_spi/spi_master.o
 .ARM.attributes
                0x000000e5       0x33 src/ASF/sam/drivers/pio/pio.o
 .ARM.attributes
                0x00000118       0x33 src/ASF/sam/drivers/pio/pio_handler.o
 .ARM.attributes
                0x0000014b       0x33 src/ASF/sam/drivers/spi/spi.o
 .ARM.attributes
                0x0000017e       0x33 src/ASF/sam/drivers/twi/twi.o
 .ARM.attributes
                0x000001b1       0x33 src/ASF/common/services/delay/sam/cycle_counter.o
 .ARM.attributes
                0x000001e4       0x33 src/ASF/common/services/clock/sam4n/sysclk.o
 .ARM.attributes
                0x00000217       0x33 src/ASF/sam/drivers/pmc/pmc.o
 .ARM.attributes
                0x0000024a       0x33 src/ASF/sam/drivers/uart/uart.o
 .ARM.attributes
                0x0000027d       0x33 src/ASF/common/boards/user_board/init.o
 .ARM.attributes
                0x000002b0       0x33 src/ASF/sam/drivers/wdt/wdt.o
 .ARM.attributes
                0x000002e3       0x33 src/ASF/sam/utils/cmsis/sam4n/source/templates/exceptions.o
 .ARM.attributes
                0x00000316       0x33 src/ASF/sam/utils/cmsis/sam4n/source/templates/gcc/startup_sam4n.o
 .ARM.attributes
                0x00000349       0x33 src/ASF/sam/utils/cmsis/sam4n/source/templates/system_sam4n.o
 .ARM.attributes
                0x0000037c       0x33 src/LCD.o
 .ARM.attributes
                0x000003af       0x33 src/main.o
 .ARM.attributes
                0x000003e2       0x2e c:/program files (x86)/atmel/atmel toolchain/arm gcc/native/4.8.1429/arm-gnu-toolchain/bin/../lib/gcc/arm-none-eabi/4.8.3/../../../../arm-none-eabi/lib/armv7e-m\libm.a(lib_a-s_sin.o)
 .ARM.attributes
                0x00000410       0x2e c:/program files (x86)/atmel/atmel toolchain/arm gcc/native/4.8.1429/arm-gnu-toolchain/bin/../lib/gcc/arm-none-eabi/4.8.3/../../../../arm-none-eabi/lib/armv7e-m\libm.a(lib_a-e_rem_pio2.o)
 .ARM.attributes
                0x0000043e       0x2e c:/program files (x86)/atmel/atmel toolchain/arm gcc/native/4.8.1429/arm-gnu-toolchain/bin/../lib/gcc/arm-none-eabi/4.8.3/../../../../arm-none-eabi/lib/armv7e-m\libm.a(lib_a-k_cos.o)
 .ARM.attributes
                0x0000046c       0x2e c:/program files (x86)/atmel/atmel toolchain/arm gcc/native/4.8.1429/arm-gnu-toolchain/bin/../lib/gcc/arm-none-eabi/4.8.3/../../../../arm-none-eabi/lib/armv7e-m\libm.a(lib_a-k_rem_pio2.o)
 .ARM.attributes
                0x0000049a       0x2e c:/program files (x86)/atmel/atmel toolchain/arm gcc/native/4.8.1429/arm-gnu-toolchain/bin/../lib/gcc/arm-none-eabi/4.8.3/../../../../arm-none-eabi/lib/armv7e-m\libm.a(lib_a-k_sin.o)
 .ARM.attributes
                0x000004c8       0x2e c:/program files (x86)/atmel/atmel toolchain/arm gcc/native/4.8.1429/arm-gnu-toolchain/bin/../lib/gcc/arm-none-eabi/4.8.3/../../../../arm-none-eabi/lib/armv7e-m\libm.a(lib_a-s_fabs.o)
 .ARM.attributes
                0x000004f6       0x2e c:/program files (x86)/atmel/atmel toolchain/arm gcc/native/4.8.1429/arm-gnu-toolchain/bin/../lib/gcc/arm-none-eabi/4.8.3/../../../../arm-none-eabi/lib/armv7e-m\libm.a(lib_a-s_floor.o)
 .ARM.attributes
                0x00000524       0x2e c:/program files (x86)/atmel/atmel toolchain/arm gcc/native/4.8.1429/arm-gnu-toolchain/bin/../lib/gcc/arm-none-eabi/4.8.3/../../../../arm-none-eabi/lib/armv7e-m\libm.a(lib_a-s_scalbn.o)
 .ARM.attributes
                0x00000552       0x2e c:/program files (x86)/atmel/atmel toolchain/arm gcc/native/4.8.1429/arm-gnu-toolchain/bin/../lib/gcc/arm-none-eabi/4.8.3/../../../../arm-none-eabi/lib/armv7e-m\libm.a(lib_a-s_copysign.o)
 .ARM.attributes
                0x00000580       0x1e c:/program files (x86)/atmel/atmel toolchain/arm gcc/native/4.8.1429/arm-gnu-toolchain/bin/../lib/gcc/arm-none-eabi/4.8.3/armv7e-m\libgcc.a(_arm_addsubdf3.o)
 .ARM.attributes
                0x0000059e       0x1e c:/program files (x86)/atmel/atmel toolchain/arm gcc/native/4.8.1429/arm-gnu-toolchain/bin/../lib/gcc/arm-none-eabi/4.8.3/armv7e-m\libgcc.a(_arm_muldivdf3.o)
 .ARM.attributes
                0x000005bc       0x1e c:/program files (x86)/atmel/atmel toolchain/arm gcc/native/4.8.1429/arm-gnu-toolchain/bin/../lib/gcc/arm-none-eabi/4.8.3/armv7e-m\libgcc.a(_arm_cmpdf2.o)
 .ARM.attributes
                0x000005da       0x1e c:/program files (x86)/atmel/atmel toolchain/arm gcc/native/4.8.1429/arm-gnu-toolchain/bin/../lib/gcc/arm-none-eabi/4.8.3/armv7e-m\libgcc.a(_arm_fixdfsi.o)
 .ARM.attributes
                0x000005f8       0x1e c:/program files (x86)/atmel/atmel toolchain/arm gcc/native/4.8.1429/arm-gnu-toolchain/bin/../lib/gcc/arm-none-eabi/4.8.3/armv7e-m\libgcc.a(_arm_fixunsdfsi.o)
 .ARM.attributes
                0x00000616       0x1e c:/program files (x86)/atmel/atmel toolchain/arm gcc/native/4.8.1429/arm-gnu-toolchain/bin/../lib/gcc/arm-none-eabi/4.8.3/armv7e-m\libgcc.a(_aeabi_uldivmod.o)
 .ARM.attributes
                0x00000634       0x2e c:/program files (x86)/atmel/atmel toolchain/arm gcc/native/4.8.1429/arm-gnu-toolchain/bin/../lib/gcc/arm-none-eabi/4.8.3/armv7e-m\libgcc.a(bpabi.o)
 .ARM.attributes
                0x00000662       0x1e c:/program files (x86)/atmel/atmel toolchain/arm gcc/native/4.8.1429/arm-gnu-toolchain/bin/../lib/gcc/arm-none-eabi/4.8.3/armv7e-m\libgcc.a(_dvmd_tls.o)
 .ARM.attributes
                0x00000680       0x2e c:/program files (x86)/atmel/atmel toolchain/arm gcc/native/4.8.1429/arm-gnu-toolchain/bin/../lib/gcc/arm-none-eabi/4.8.3/armv7e-m\libgcc.a(_divdi3.o)
 .ARM.attributes
                0x000006ae       0x2e c:/program files (x86)/atmel/atmel toolchain/arm gcc/native/4.8.1429/arm-gnu-toolchain/bin/../lib/gcc/arm-none-eabi/4.8.3/armv7e-m\libgcc.a(_udivdi3.o)
 .ARM.attributes
                0x000006dc       0x2e c:/program files (x86)/atmel/atmel toolchain/arm gcc/native/4.8.1429/arm-gnu-toolchain/bin/../lib/gcc/arm-none-eabi/4.8.3/../../../../arm-none-eabi/lib/armv7e-m\libc.a(lib_a-impure.o)
 .ARM.attributes
                0x0000070a       0x2e c:/program files (x86)/atmel/atmel toolchain/arm gcc/native/4.8.1429/arm-gnu-toolchain/bin/../lib/gcc/arm-none-eabi/4.8.3/../../../../arm-none-eabi/lib/armv7e-m\libc.a(lib_a-init.o)
 .ARM.attributes
                0x00000738       0x2e c:/program files (x86)/atmel/atmel toolchain/arm gcc/native/4.8.1429/arm-gnu-toolchain/bin/../lib/gcc/arm-none-eabi/4.8.3/../../../../arm-none-eabi/lib/armv7e-m\libc.a(lib_a-__call_atexit.o)
 .ARM.attributes
                0x00000766       0x2e c:/program files (x86)/atmel/atmel toolchain/arm gcc/native/4.8.1429/arm-gnu-toolchain/bin/../lib/gcc/arm-none-eabi/4.8.3/../../../../arm-none-eabi/lib/armv7e-m\libc.a(lib_a-atexit.o)
 .ARM.attributes
                0x00000794       0x2e c:/program files (x86)/atmel/atmel toolchain/arm gcc/native/4.8.1429/arm-gnu-toolchain/bin/../lib/gcc/arm-none-eabi/4.8.3/../../../../arm-none-eabi/lib/armv7e-m\libc.a(lib_a-fini.o)
 .ARM.attributes
                0x000007c2       0x2e c:/program files (x86)/atmel/atmel toolchain/arm gcc/native/4.8.1429/arm-gnu-toolchain/bin/../lib/gcc/arm-none-eabi/4.8.3/../../../../arm-none-eabi/lib/armv7e-m\libc.a(lib_a-__atexit.o)
 .ARM.attributes
                0x000007f0       0x2e c:/program files (x86)/atmel/atmel toolchain/arm gcc/native/4.8.1429/arm-gnu-toolchain/bin/../lib/gcc/arm-none-eabi/4.8.3/armv7e-m/crtend.o
 .ARM.attributes
                0x0000081e       0x1e c:/program files (x86)/atmel/atmel toolchain/arm gcc/native/4.8.1429/arm-gnu-toolchain/bin/../lib/gcc/arm-none-eabi/4.8.3/armv7e-m/crtn.o

.comment        0x00000000       0x71
 .comment       0x00000000       0x71 c:/program files (x86)/atmel/atmel toolchain/arm gcc/native/4.8.1429/arm-gnu-toolchain/bin/../lib/gcc/arm-none-eabi/4.8.3/armv7e-m/crtbegin.o
                                 0x72 (size before relaxing)
 .comment       0x00000000       0x72 src/ASF/common/components/memory/sd_mmc/sd_mmc.o
 .comment       0x00000000       0x72 src/ASF/common/components/memory/sd_mmc/sd_mmc_spi.o
 .comment       0x00000000       0x72 src/ASF/common/services/spi/sam_spi/spi_master.o
 .comment       0x00000000       0x72 src/ASF/sam/drivers/pio/pio.o
 .comment       0x00000000       0x72 src/ASF/sam/drivers/pio/pio_handler.o
 .comment       0x00000000       0x72 src/ASF/sam/drivers/spi/spi.o
 .comment       0x00000000       0x72 src/ASF/sam/drivers/twi/twi.o
 .comment       0x00000000       0x72 src/ASF/common/services/delay/sam/cycle_counter.o
 .comment       0x00000000       0x72 src/ASF/common/services/clock/sam4n/sysclk.o
 .comment       0x00000000       0x72 src/ASF/sam/drivers/pmc/pmc.o
 .comment       0x00000000       0x72 src/ASF/sam/drivers/uart/uart.o
 .comment       0x00000000       0x72 src/ASF/common/boards/user_board/init.o
 .comment       0x00000000       0x72 src/ASF/sam/drivers/wdt/wdt.o
 .comment       0x00000000       0x72 src/ASF/sam/utils/cmsis/sam4n/source/templates/exceptions.o
 .comment       0x00000000       0x72 src/ASF/sam/utils/cmsis/sam4n/source/templates/gcc/startup_sam4n.o
 .comment       0x00000000       0x72 src/ASF/sam/utils/cmsis/sam4n/source/templates/system_sam4n.o
 .comment       0x00000000       0x72 src/LCD.o
 .comment       0x00000000       0x72 src/main.o
 .comment       0x00000000       0x72 c:/program files (x86)/atmel/atmel toolchain/arm gcc/native/4.8.1429/arm-gnu-toolchain/bin/../lib/gcc/arm-none-eabi/4.8.3/../../../../arm-none-eabi/lib/armv7e-m\libc.a(lib_a-impure.o)
 .comment       0x00000000       0x72 c:/program files (x86)/atmel/atmel toolchain/arm gcc/native/4.8.1429/arm-gnu-toolchain/bin/../lib/gcc/arm-none-eabi/4.8.3/../../../../arm-none-eabi/lib/armv7e-m\libc.a(lib_a-init.o)
 .comment       0x00000000       0x72 c:/program files (x86)/atmel/atmel toolchain/arm gcc/native/4.8.1429/arm-gnu-toolchain/bin/../lib/gcc/arm-none-eabi/4.8.3/../../../../arm-none-eabi/lib/armv7e-m\libc.a(lib_a-__call_atexit.o)
 .comment       0x00000000       0x72 c:/program files (x86)/atmel/atmel toolchain/arm gcc/native/4.8.1429/arm-gnu-toolchain/bin/../lib/gcc/arm-none-eabi/4.8.3/../../../../arm-none-eabi/lib/armv7e-m\libc.a(lib_a-atexit.o)
 .comment       0x00000000       0x72 c:/program files (x86)/atmel/atmel toolchain/arm gcc/native/4.8.1429/arm-gnu-toolchain/bin/../lib/gcc/arm-none-eabi/4.8.3/../../../../arm-none-eabi/lib/armv7e-m\libc.a(lib_a-fini.o)
 .comment       0x00000000       0x72 c:/program files (x86)/atmel/atmel toolchain/arm gcc/native/4.8.1429/arm-gnu-toolchain/bin/../lib/gcc/arm-none-eabi/4.8.3/../../../../arm-none-eabi/lib/armv7e-m\libc.a(lib_a-__atexit.o)
 .comment       0x00000000       0x72 c:/program files (x86)/atmel/atmel toolchain/arm gcc/native/4.8.1429/arm-gnu-toolchain/bin/../lib/gcc/arm-none-eabi/4.8.3/armv7e-m/crtend.o

.debug_info     0x00000000     0xc80e
 .debug_info    0x00000000     0x16d3 src/ASF/common/components/memory/sd_mmc/sd_mmc.o
 .debug_info    0x000016d3      0x915 src/ASF/common/components/memory/sd_mmc/sd_mmc_spi.o
 .debug_info    0x00001fe8      0x938 src/ASF/common/services/spi/sam_spi/spi_master.o
 .debug_info    0x00002920      0xfee src/ASF/sam/drivers/pio/pio.o
 .debug_info    0x0000390e      0xc9f src/ASF/sam/drivers/pio/pio_handler.o
 .debug_info    0x000045ad      0x82b src/ASF/sam/drivers/spi/spi.o
 .debug_info    0x00004dd8      0xa08 src/ASF/sam/drivers/twi/twi.o
 .debug_info    0x000057e0      0x120 src/ASF/common/services/delay/sam/cycle_counter.o
 .debug_info    0x00005900      0x648 src/ASF/common/services/clock/sam4n/sysclk.o
 .debug_info    0x00005f48      0xf59 src/ASF/sam/drivers/pmc/pmc.o
 .debug_info    0x00006ea1      0x87a src/ASF/sam/drivers/uart/uart.o
 .debug_info    0x0000771b      0xa53 src/ASF/common/boards/user_board/init.o
 .debug_info    0x0000816e      0x2d7 src/ASF/sam/drivers/wdt/wdt.o
 .debug_info    0x00008445       0xaf src/ASF/sam/utils/cmsis/sam4n/source/templates/exceptions.o
 .debug_info    0x000084f4      0x5ec src/ASF/sam/utils/cmsis/sam4n/source/templates/gcc/startup_sam4n.o
 .debug_info    0x00008ae0      0x48b src/ASF/sam/utils/cmsis/sam4n/source/templates/system_sam4n.o
 .debug_info    0x00008f6b      0x791 src/LCD.o
 .debug_info    0x000096fc      0xfdb src/main.o
 .debug_info    0x0000a6d7      0x96c c:/program files (x86)/atmel/atmel toolchain/arm gcc/native/4.8.1429/arm-gnu-toolchain/bin/../lib/gcc/arm-none-eabi/4.8.3/../../../../arm-none-eabi/lib/armv7e-m\libc.a(lib_a-impure.o)
 .debug_info    0x0000b043      0x112 c:/program files (x86)/atmel/atmel toolchain/arm gcc/native/4.8.1429/arm-gnu-toolchain/bin/../lib/gcc/arm-none-eabi/4.8.3/../../../../arm-none-eabi/lib/armv7e-m\libc.a(lib_a-init.o)
 .debug_info    0x0000b155      0xa9d c:/program files (x86)/atmel/atmel toolchain/arm gcc/native/4.8.1429/arm-gnu-toolchain/bin/../lib/gcc/arm-none-eabi/4.8.3/../../../../arm-none-eabi/lib/armv7e-m\libc.a(lib_a-__call_atexit.o)
 .debug_info    0x0000bbf2      0x10f c:/program files (x86)/atmel/atmel toolchain/arm gcc/native/4.8.1429/arm-gnu-toolchain/bin/../lib/gcc/arm-none-eabi/4.8.3/../../../../arm-none-eabi/lib/armv7e-m\libc.a(lib_a-atexit.o)
 .debug_info    0x0000bd01       0xf9 c:/program files (x86)/atmel/atmel toolchain/arm gcc/native/4.8.1429/arm-gnu-toolchain/bin/../lib/gcc/arm-none-eabi/4.8.3/../../../../arm-none-eabi/lib/armv7e-m\libc.a(lib_a-fini.o)
 .debug_info    0x0000bdfa      0xa14 c:/program files (x86)/atmel/atmel toolchain/arm gcc/native/4.8.1429/arm-gnu-toolchain/bin/../lib/gcc/arm-none-eabi/4.8.3/../../../../arm-none-eabi/lib/armv7e-m\libc.a(lib_a-__atexit.o)

.debug_abbrev   0x00000000     0x2745
 .debug_abbrev  0x00000000      0x3b7 src/ASF/common/components/memory/sd_mmc/sd_mmc.o
 .debug_abbrev  0x000003b7      0x279 src/ASF/common/components/memory/sd_mmc/sd_mmc_spi.o
 .debug_abbrev  0x00000630      0x1fb src/ASF/common/services/spi/sam_spi/spi_master.o
 .debug_abbrev  0x0000082b      0x1a6 src/ASF/sam/drivers/pio/pio.o
 .debug_abbrev  0x000009d1      0x20f src/ASF/sam/drivers/pio/pio_handler.o
 .debug_abbrev  0x00000be0      0x1f4 src/ASF/sam/drivers/spi/spi.o
 .debug_abbrev  0x00000dd4      0x214 src/ASF/sam/drivers/twi/twi.o
 .debug_abbrev  0x00000fe8       0x9d src/ASF/common/services/delay/sam/cycle_counter.o
 .debug_abbrev  0x00001085      0x1b4 src/ASF/common/services/clock/sam4n/sysclk.o
 .debug_abbrev  0x00001239      0x20d src/ASF/sam/drivers/pmc/pmc.o
 .debug_abbrev  0x00001446      0x183 src/ASF/sam/drivers/uart/uart.o
 .debug_abbrev  0x000015c9      0x27a src/ASF/common/boards/user_board/init.o
 .debug_abbrev  0x00001843      0x101 src/ASF/sam/drivers/wdt/wdt.o
 .debug_abbrev  0x00001944       0x6c src/ASF/sam/utils/cmsis/sam4n/source/templates/exceptions.o
 .debug_abbrev  0x000019b0      0x11e src/ASF/sam/utils/cmsis/sam4n/source/templates/gcc/startup_sam4n.o
 .debug_abbrev  0x00001ace      0x115 src/ASF/sam/utils/cmsis/sam4n/source/templates/system_sam4n.o
 .debug_abbrev  0x00001be3      0x186 src/LCD.o
 .debug_abbrev  0x00001d69      0x1fb src/main.o
 .debug_abbrev  0x00001f64      0x160 c:/program files (x86)/atmel/atmel toolchain/arm gcc/native/4.8.1429/arm-gnu-toolchain/bin/../lib/gcc/arm-none-eabi/4.8.3/../../../../arm-none-eabi/lib/armv7e-m\libc.a(lib_a-impure.o)
 .debug_abbrev  0x000020c4       0xb8 c:/program files (x86)/atmel/atmel toolchain/arm gcc/native/4.8.1429/arm-gnu-toolchain/bin/../lib/gcc/arm-none-eabi/4.8.3/../../../../arm-none-eabi/lib/armv7e-m\libc.a(lib_a-init.o)
 .debug_abbrev  0x0000217c      0x269 c:/program files (x86)/atmel/atmel toolchain/arm gcc/native/4.8.1429/arm-gnu-toolchain/bin/../lib/gcc/arm-none-eabi/4.8.3/../../../../arm-none-eabi/lib/armv7e-m\libc.a(lib_a-__call_atexit.o)
 .debug_abbrev  0x000023e5       0xb6 c:/program files (x86)/atmel/atmel toolchain/arm gcc/native/4.8.1429/arm-gnu-toolchain/bin/../lib/gcc/arm-none-eabi/4.8.3/../../../../arm-none-eabi/lib/armv7e-m\libc.a(lib_a-atexit.o)
 .debug_abbrev  0x0000249b       0xbb c:/program files (x86)/atmel/atmel toolchain/arm gcc/native/4.8.1429/arm-gnu-toolchain/bin/../lib/gcc/arm-none-eabi/4.8.3/../../../../arm-none-eabi/lib/armv7e-m\libc.a(lib_a-fini.o)
 .debug_abbrev  0x00002556      0x1ef c:/program files (x86)/atmel/atmel toolchain/arm gcc/native/4.8.1429/arm-gnu-toolchain/bin/../lib/gcc/arm-none-eabi/4.8.3/../../../../arm-none-eabi/lib/armv7e-m\libc.a(lib_a-__atexit.o)

.debug_loc      0x00000000     0x4907
 .debug_loc     0x00000000      0xbea src/ASF/common/components/memory/sd_mmc/sd_mmc.o
 .debug_loc     0x00000bea      0x4cc src/ASF/common/components/memory/sd_mmc/sd_mmc_spi.o
 .debug_loc     0x000010b6      0x528 src/ASF/common/services/spi/sam_spi/spi_master.o
 .debug_loc     0x000015de      0x8f8 src/ASF/sam/drivers/pio/pio.o
 .debug_loc     0x00001ed6      0x244 src/ASF/sam/drivers/pio/pio_handler.o
 .debug_loc     0x0000211a      0x3f0 src/ASF/sam/drivers/spi/spi.o
 .debug_loc     0x0000250a      0x4d0 src/ASF/sam/drivers/twi/twi.o
 .debug_loc     0x000029da       0x38 src/ASF/common/services/delay/sam/cycle_counter.o
 .debug_loc     0x00002a12      0x2f8 src/ASF/common/services/clock/sam4n/sysclk.o
 .debug_loc     0x00002d0a      0xb48 src/ASF/sam/drivers/pmc/pmc.o
 .debug_loc     0x00003852      0x5b0 src/ASF/sam/drivers/uart/uart.o
 .debug_loc     0x00003e02      0x138 src/ASF/common/boards/user_board/init.o
 .debug_loc     0x00003f3a      0x150 src/ASF/sam/drivers/wdt/wdt.o
 .debug_loc     0x0000408a       0x2c src/ASF/sam/utils/cmsis/sam4n/source/templates/exceptions.o
 .debug_loc     0x000040b6       0x38 src/ASF/sam/utils/cmsis/sam4n/source/templates/gcc/startup_sam4n.o
 .debug_loc     0x000040ee       0x90 src/ASF/sam/utils/cmsis/sam4n/source/templates/system_sam4n.o
 .debug_loc     0x0000417e      0x1f4 src/LCD.o
 .debug_loc     0x00004372      0x1b6 src/main.o
 .debug_loc     0x00004528       0x74 c:/program files (x86)/atmel/atmel toolchain/arm gcc/native/4.8.1429/arm-gnu-toolchain/bin/../lib/gcc/arm-none-eabi/4.8.3/../../../../arm-none-eabi/lib/armv7e-m\libc.a(lib_a-init.o)
 .debug_loc     0x0000459c      0x199 c:/program files (x86)/atmel/atmel toolchain/arm gcc/native/4.8.1429/arm-gnu-toolchain/bin/../lib/gcc/arm-none-eabi/4.8.3/../../../../arm-none-eabi/lib/armv7e-m\libc.a(lib_a-__call_atexit.o)
 .debug_loc     0x00004735       0x2c c:/program files (x86)/atmel/atmel toolchain/arm gcc/native/4.8.1429/arm-gnu-toolchain/bin/../lib/gcc/arm-none-eabi/4.8.3/../../../../arm-none-eabi/lib/armv7e-m\libc.a(lib_a-atexit.o)
 .debug_loc     0x00004761       0x5e c:/program files (x86)/atmel/atmel toolchain/arm gcc/native/4.8.1429/arm-gnu-toolchain/bin/../lib/gcc/arm-none-eabi/4.8.3/../../../../arm-none-eabi/lib/armv7e-m\libc.a(lib_a-fini.o)
 .debug_loc     0x000047bf      0x148 c:/program files (x86)/atmel/atmel toolchain/arm gcc/native/4.8.1429/arm-gnu-toolchain/bin/../lib/gcc/arm-none-eabi/4.8.3/../../../../arm-none-eabi/lib/armv7e-m\libc.a(lib_a-__atexit.o)

.debug_aranges  0x00000000      0xca8
 .debug_aranges
                0x00000000      0x1e0 src/ASF/common/components/memory/sd_mmc/sd_mmc.o
 .debug_aranges
                0x000001e0       0xd0 src/ASF/common/components/memory/sd_mmc/sd_mmc_spi.o
 .debug_aranges
                0x000002b0       0xd8 src/ASF/common/services/spi/sam_spi/spi_master.o
 .debug_aranges
                0x00000388      0x160 src/ASF/sam/drivers/pio/pio.o
 .debug_aranges
                0x000004e8       0x70 src/ASF/sam/drivers/pio/pio_handler.o
 .debug_aranges
                0x00000558       0xa8 src/ASF/sam/drivers/spi/spi.o
 .debug_aranges
                0x00000600       0xc8 src/ASF/sam/drivers/twi/twi.o
 .debug_aranges
                0x000006c8       0x20 src/ASF/common/services/delay/sam/cycle_counter.o
 .debug_aranges
                0x000006e8       0x88 src/ASF/common/services/clock/sam4n/sysclk.o
 .debug_aranges
                0x00000770      0x1d0 src/ASF/sam/drivers/pmc/pmc.o
 .debug_aranges
                0x00000940       0xe8 src/ASF/sam/drivers/uart/uart.o
 .debug_aranges
                0x00000a28       0x48 src/ASF/common/boards/user_board/init.o
 .debug_aranges
                0x00000a70       0x48 src/ASF/sam/drivers/wdt/wdt.o
 .debug_aranges
                0x00000ab8       0x20 src/ASF/sam/utils/cmsis/sam4n/source/templates/exceptions.o
 .debug_aranges
                0x00000ad8       0x20 src/ASF/sam/utils/cmsis/sam4n/source/templates/gcc/startup_sam4n.o
 .debug_aranges
                0x00000af8       0x30 src/ASF/sam/utils/cmsis/sam4n/source/templates/system_sam4n.o
 .debug_aranges
                0x00000b28       0x68 src/LCD.o
 .debug_aranges
                0x00000b90       0x58 src/main.o
 .debug_aranges
                0x00000be8       0x18 c:/program files (x86)/atmel/atmel toolchain/arm gcc/native/4.8.1429/arm-gnu-toolchain/bin/../lib/gcc/arm-none-eabi/4.8.3/../../../../arm-none-eabi/lib/armv7e-m\libc.a(lib_a-impure.o)
 .debug_aranges
                0x00000c00       0x20 c:/program files (x86)/atmel/atmel toolchain/arm gcc/native/4.8.1429/arm-gnu-toolchain/bin/../lib/gcc/arm-none-eabi/4.8.3/../../../../arm-none-eabi/lib/armv7e-m\libc.a(lib_a-init.o)
 .debug_aranges
                0x00000c20       0x28 c:/program files (x86)/atmel/atmel toolchain/arm gcc/native/4.8.1429/arm-gnu-toolchain/bin/../lib/gcc/arm-none-eabi/4.8.3/../../../../arm-none-eabi/lib/armv7e-m\libc.a(lib_a-__call_atexit.o)
 .debug_aranges
                0x00000c48       0x20 c:/program files (x86)/atmel/atmel toolchain/arm gcc/native/4.8.1429/arm-gnu-toolchain/bin/../lib/gcc/arm-none-eabi/4.8.3/../../../../arm-none-eabi/lib/armv7e-m\libc.a(lib_a-atexit.o)
 .debug_aranges
                0x00000c68       0x20 c:/program files (x86)/atmel/atmel toolchain/arm gcc/native/4.8.1429/arm-gnu-toolchain/bin/../lib/gcc/arm-none-eabi/4.8.3/../../../../arm-none-eabi/lib/armv7e-m\libc.a(lib_a-fini.o)
 .debug_aranges
                0x00000c88       0x20 c:/program files (x86)/atmel/atmel toolchain/arm gcc/native/4.8.1429/arm-gnu-toolchain/bin/../lib/gcc/arm-none-eabi/4.8.3/../../../../arm-none-eabi/lib/armv7e-m\libc.a(lib_a-__atexit.o)

.debug_ranges   0x00000000      0xae0
 .debug_ranges  0x00000000      0x1d0 src/ASF/common/components/memory/sd_mmc/sd_mmc.o
 .debug_ranges  0x000001d0       0xc0 src/ASF/common/components/memory/sd_mmc/sd_mmc_spi.o
 .debug_ranges  0x00000290       0xc8 src/ASF/common/services/spi/sam_spi/spi_master.o
 .debug_ranges  0x00000358      0x150 src/ASF/sam/drivers/pio/pio.o
 .debug_ranges  0x000004a8       0x60 src/ASF/sam/drivers/pio/pio_handler.o
 .debug_ranges  0x00000508       0x98 src/ASF/sam/drivers/spi/spi.o
 .debug_ranges  0x000005a0       0xb8 src/ASF/sam/drivers/twi/twi.o
 .debug_ranges  0x00000658       0x10 src/ASF/common/services/delay/sam/cycle_counter.o
 .debug_ranges  0x00000668       0x78 src/ASF/common/services/clock/sam4n/sysclk.o
 .debug_ranges  0x000006e0      0x1c0 src/ASF/sam/drivers/pmc/pmc.o
 .debug_ranges  0x000008a0       0xd8 src/ASF/sam/drivers/uart/uart.o
 .debug_ranges  0x00000978       0x38 src/ASF/common/boards/user_board/init.o
 .debug_ranges  0x000009b0       0x38 src/ASF/sam/drivers/wdt/wdt.o
 .debug_ranges  0x000009e8       0x10 src/ASF/sam/utils/cmsis/sam4n/source/templates/exceptions.o
 .debug_ranges  0x000009f8       0x10 src/ASF/sam/utils/cmsis/sam4n/source/templates/gcc/startup_sam4n.o
 .debug_ranges  0x00000a08       0x20 src/ASF/sam/utils/cmsis/sam4n/source/templates/system_sam4n.o
 .debug_ranges  0x00000a28       0x58 src/LCD.o
 .debug_ranges  0x00000a80       0x48 src/main.o
 .debug_ranges  0x00000ac8       0x18 c:/program files (x86)/atmel/atmel toolchain/arm gcc/native/4.8.1429/arm-gnu-toolchain/bin/../lib/gcc/arm-none-eabi/4.8.3/../../../../arm-none-eabi/lib/armv7e-m\libc.a(lib_a-__call_atexit.o)

.debug_macro    0x00000000    0x11f48
 .debug_macro   0x00000000      0x5b5 src/ASF/common/components/memory/sd_mmc/sd_mmc.o
 .debug_macro   0x000005b5      0x880 src/ASF/common/components/memory/sd_mmc/sd_mmc.o
 .debug_macro   0x00000e35       0x52 src/ASF/common/components/memory/sd_mmc/sd_mmc.o
 .debug_macro   0x00000e87       0x16 src/ASF/common/components/memory/sd_mmc/sd_mmc.o
 .debug_macro   0x00000e9d       0x35 src/ASF/common/components/memory/sd_mmc/sd_mmc.o
 .debug_macro   0x00000ed2       0xa3 src/ASF/common/components/memory/sd_mmc/sd_mmc.o
 .debug_macro   0x00000f75      0x166 src/ASF/common/components/memory/sd_mmc/sd_mmc.o
 .debug_macro   0x000010db       0x3a src/ASF/common/components/memory/sd_mmc/sd_mmc.o
 .debug_macro   0x00001115       0x52 src/ASF/common/components/memory/sd_mmc/sd_mmc.o
 .debug_macro   0x00001167       0x16 src/ASF/common/components/memory/sd_mmc/sd_mmc.o
 .debug_macro   0x0000117d       0x43 src/ASF/common/components/memory/sd_mmc/sd_mmc.o
 .debug_macro   0x000011c0      0x180 src/ASF/common/components/memory/sd_mmc/sd_mmc.o
 .debug_macro   0x00001340      0x214 src/ASF/common/components/memory/sd_mmc/sd_mmc.o
 .debug_macro   0x00001554      0x2a3 src/ASF/common/components/memory/sd_mmc/sd_mmc.o
 .debug_macro   0x000017f7       0x10 src/ASF/common/components/memory/sd_mmc/sd_mmc.o
 .debug_macro   0x00001807       0x35 src/ASF/common/components/memory/sd_mmc/sd_mmc.o
 .debug_macro   0x0000183c       0x1f src/ASF/common/components/memory/sd_mmc/sd_mmc.o
 .debug_macro   0x0000185b      0x4d1 src/ASF/common/components/memory/sd_mmc/sd_mmc.o
 .debug_macro   0x00001d2c       0x76 src/ASF/common/components/memory/sd_mmc/sd_mmc.o
 .debug_macro   0x00001da2       0x16 src/ASF/common/components/memory/sd_mmc/sd_mmc.o
 .debug_macro   0x00001db8      0x6e4 src/ASF/common/components/memory/sd_mmc/sd_mmc.o
 .debug_macro   0x0000249c       0x2d src/ASF/common/components/memory/sd_mmc/sd_mmc.o
 .debug_macro   0x000024c9       0x3b src/ASF/common/components/memory/sd_mmc/sd_mmc.o
 .debug_macro   0x00002504       0x18 src/ASF/common/components/memory/sd_mmc/sd_mmc.o
 .debug_macro   0x0000251c       0x42 src/ASF/common/components/memory/sd_mmc/sd_mmc.o
 .debug_macro   0x0000255e      0xb17 src/ASF/common/components/memory/sd_mmc/sd_mmc.o
 .debug_macro   0x00003075      0x949 src/ASF/common/components/memory/sd_mmc/sd_mmc.o
 .debug_macro   0x000039be      0x2b5 src/ASF/common/components/memory/sd_mmc/sd_mmc.o
 .debug_macro   0x00003c73      0x169 src/ASF/common/components/memory/sd_mmc/sd_mmc.o
 .debug_macro   0x00003ddc      0x106 src/ASF/common/components/memory/sd_mmc/sd_mmc.o
 .debug_macro   0x00003ee2       0x1c src/ASF/common/components/memory/sd_mmc/sd_mmc.o
 .debug_macro   0x00003efe      0x1e8 src/ASF/common/components/memory/sd_mmc/sd_mmc.o
 .debug_macro   0x000040e6       0xbe src/ASF/common/components/memory/sd_mmc/sd_mmc.o
 .debug_macro   0x000041a4     0x26c7 src/ASF/common/components/memory/sd_mmc/sd_mmc.o
 .debug_macro   0x0000686b      0x724 src/ASF/common/components/memory/sd_mmc/sd_mmc.o
 .debug_macro   0x00006f8f      0x25f src/ASF/common/components/memory/sd_mmc/sd_mmc.o
 .debug_macro   0x000071ee       0x7c src/ASF/common/components/memory/sd_mmc/sd_mmc.o
 .debug_macro   0x0000726a      0x2df src/ASF/common/components/memory/sd_mmc/sd_mmc.o
 .debug_macro   0x00007549       0x64 src/ASF/common/components/memory/sd_mmc/sd_mmc.o
 .debug_macro   0x000075ad      0x386 src/ASF/common/components/memory/sd_mmc/sd_mmc.o
 .debug_macro   0x00007933      0x690 src/ASF/common/components/memory/sd_mmc/sd_mmc.o
 .debug_macro   0x00007fc3      0x65e src/ASF/common/components/memory/sd_mmc/sd_mmc.o
 .debug_macro   0x00008621      0x34d src/ASF/common/components/memory/sd_mmc/sd_mmc.o
 .debug_macro   0x0000896e      0x28c src/ASF/common/components/memory/sd_mmc/sd_mmc.o
 .debug_macro   0x00008bfa      0x56b src/ASF/common/components/memory/sd_mmc/sd_mmc.o
 .debug_macro   0x00009165       0x76 src/ASF/common/components/memory/sd_mmc/sd_mmc.o
 .debug_macro   0x000091db       0x88 src/ASF/common/components/memory/sd_mmc/sd_mmc.o
 .debug_macro   0x00009263      0x135 src/ASF/common/components/memory/sd_mmc/sd_mmc.o
 .debug_macro   0x00009398      0x105 src/ASF/common/components/memory/sd_mmc/sd_mmc.o
 .debug_macro   0x0000949d       0x88 src/ASF/common/components/memory/sd_mmc/sd_mmc.o
 .debug_macro   0x00009525       0x88 src/ASF/common/components/memory/sd_mmc/sd_mmc.o
 .debug_macro   0x000095ad       0xb2 src/ASF/common/components/memory/sd_mmc/sd_mmc.o
 .debug_macro   0x0000965f       0xa6 src/ASF/common/components/memory/sd_mmc/sd_mmc.o
 .debug_macro   0x00009705       0xa6 src/ASF/common/components/memory/sd_mmc/sd_mmc.o
 .debug_macro   0x000097ab       0xa6 src/ASF/common/components/memory/sd_mmc/sd_mmc.o
 .debug_macro   0x00009851       0xa6 src/ASF/common/components/memory/sd_mmc/sd_mmc.o
 .debug_macro   0x000098f7       0x64 src/ASF/common/components/memory/sd_mmc/sd_mmc.o
 .debug_macro   0x0000995b       0x88 src/ASF/common/components/memory/sd_mmc/sd_mmc.o
 .debug_macro   0x000099e3       0x7c src/ASF/common/components/memory/sd_mmc/sd_mmc.o
 .debug_macro   0x00009a5f       0x40 src/ASF/common/components/memory/sd_mmc/sd_mmc.o
 .debug_macro   0x00009a9f       0x34 src/ASF/common/components/memory/sd_mmc/sd_mmc.o
 .debug_macro   0x00009ad3       0x88 src/ASF/common/components/memory/sd_mmc/sd_mmc.o
 .debug_macro   0x00009b5b       0x7c src/ASF/common/components/memory/sd_mmc/sd_mmc.o
 .debug_macro   0x00009bd7       0x16 src/ASF/common/components/memory/sd_mmc/sd_mmc.o
 .debug_macro   0x00009bed       0x7c src/ASF/common/components/memory/sd_mmc/sd_mmc.o
 .debug_macro   0x00009c69       0x22 src/ASF/common/components/memory/sd_mmc/sd_mmc.o
 .debug_macro   0x00009c8b      0x135 src/ASF/common/components/memory/sd_mmc/sd_mmc.o
 .debug_macro   0x00009dc0      0x135 src/ASF/common/components/memory/sd_mmc/sd_mmc.o
 .debug_macro   0x00009ef5      0x135 src/ASF/common/components/memory/sd_mmc/sd_mmc.o
 .debug_macro   0x0000a02a       0x1c src/ASF/common/components/memory/sd_mmc/sd_mmc.o
 .debug_macro   0x0000a046       0x2e src/ASF/common/components/memory/sd_mmc/sd_mmc.o
 .debug_macro   0x0000a074       0x22 src/ASF/common/components/memory/sd_mmc/sd_mmc.o
 .debug_macro   0x0000a096       0x1c src/ASF/common/components/memory/sd_mmc/sd_mmc.o
 .debug_macro   0x0000a0b2       0x52 src/ASF/common/components/memory/sd_mmc/sd_mmc.o
 .debug_macro   0x0000a104       0x10 src/ASF/common/components/memory/sd_mmc/sd_mmc.o
 .debug_macro   0x0000a114      0x203 src/ASF/common/components/memory/sd_mmc/sd_mmc.o
 .debug_macro   0x0000a317      0x747 src/ASF/common/components/memory/sd_mmc/sd_mmc.o
 .debug_macro   0x0000aa5e       0xcf src/ASF/common/components/memory/sd_mmc/sd_mmc.o
 .debug_macro   0x0000ab2d       0x1c src/ASF/common/components/memory/sd_mmc/sd_mmc.o
 .debug_macro   0x0000ab49       0x10 src/ASF/common/components/memory/sd_mmc/sd_mmc.o
 .debug_macro   0x0000ab59       0x10 src/ASF/common/components/memory/sd_mmc/sd_mmc.o
 .debug_macro   0x0000ab69       0x22 src/ASF/common/components/memory/sd_mmc/sd_mmc.o
 .debug_macro   0x0000ab8b       0xbd src/ASF/common/components/memory/sd_mmc/sd_mmc.o
 .debug_macro   0x0000ac48       0x16 src/ASF/common/components/memory/sd_mmc/sd_mmc.o
 .debug_macro   0x0000ac5e      0x16c src/ASF/common/components/memory/sd_mmc/sd_mmc.o
 .debug_macro   0x0000adca       0x22 src/ASF/common/components/memory/sd_mmc/sd_mmc.o
 .debug_macro   0x0000adec       0x16 src/ASF/common/components/memory/sd_mmc/sd_mmc.o
 .debug_macro   0x0000ae02       0x16 src/ASF/common/components/memory/sd_mmc/sd_mmc.o
 .debug_macro   0x0000ae18       0x29 src/ASF/common/components/memory/sd_mmc/sd_mmc.o
 .debug_macro   0x0000ae41       0x6e src/ASF/common/components/memory/sd_mmc/sd_mmc.o
 .debug_macro   0x0000aeaf       0x3f src/ASF/common/components/memory/sd_mmc/sd_mmc.o
 .debug_macro   0x0000aeee      0x3c3 src/ASF/common/components/memory/sd_mmc/sd_mmc.o
 .debug_macro   0x0000b2b1      0x242 src/ASF/common/components/memory/sd_mmc/sd_mmc.o
 .debug_macro   0x0000b4f3       0x7b src/ASF/common/components/memory/sd_mmc/sd_mmc.o
 .debug_macro   0x0000b56e       0x16 src/ASF/common/components/memory/sd_mmc/sd_mmc.o
 .debug_macro   0x0000b584      0xd3f src/ASF/common/components/memory/sd_mmc/sd_mmc.o
 .debug_macro   0x0000c2c3       0xa0 src/ASF/common/components/memory/sd_mmc/sd_mmc.o
 .debug_macro   0x0000c363       0x28 src/ASF/common/components/memory/sd_mmc/sd_mmc.o
 .debug_macro   0x0000c38b       0x70 src/ASF/common/components/memory/sd_mmc/sd_mmc.o
 .debug_macro   0x0000c3fb       0x82 src/ASF/common/components/memory/sd_mmc/sd_mmc.o
 .debug_macro   0x0000c47d       0x40 src/ASF/common/components/memory/sd_mmc/sd_mmc.o
 .debug_macro   0x0000c4bd       0x7b src/ASF/common/components/memory/sd_mmc/sd_mmc.o
 .debug_macro   0x0000c538       0x28 src/ASF/common/components/memory/sd_mmc/sd_mmc.o
 .debug_macro   0x0000c560       0x23 src/ASF/common/components/memory/sd_mmc/sd_mmc.o
 .debug_macro   0x0000c583       0x88 src/ASF/common/components/memory/sd_mmc/sd_mmc.o
 .debug_macro   0x0000c60b       0x52 src/ASF/common/components/memory/sd_mmc/sd_mmc.o
 .debug_macro   0x0000c65d      0x563 src/ASF/common/components/memory/sd_mmc/sd_mmc_spi.o
 .debug_macro   0x0000cbc0       0x82 src/ASF/common/components/memory/sd_mmc/sd_mmc_spi.o
 .debug_macro   0x0000cc42       0x16 src/ASF/common/components/memory/sd_mmc/sd_mmc_spi.o
 .debug_macro   0x0000cc58       0x28 src/ASF/common/components/memory/sd_mmc/sd_mmc_spi.o
 .debug_macro   0x0000cc80       0x2e src/ASF/common/components/memory/sd_mmc/sd_mmc_spi.o
 .debug_macro   0x0000ccae      0x4c6 src/ASF/common/services/spi/sam_spi/spi_master.o
 .debug_macro   0x0000d174      0x424 src/ASF/sam/drivers/pio/pio.o
 .debug_macro   0x0000d598       0x8e src/ASF/sam/drivers/pio/pio.o
 .debug_macro   0x0000d626      0x428 src/ASF/sam/drivers/pio/pio_handler.o
 .debug_macro   0x0000da4e      0x498 src/ASF/sam/drivers/spi/spi.o
 .debug_macro   0x0000dee6       0x10 src/ASF/sam/drivers/spi/spi.o
 .debug_macro   0x0000def6      0x43c src/ASF/sam/drivers/twi/twi.o
 .debug_macro   0x0000e332       0x46 src/ASF/sam/drivers/twi/twi.o
 .debug_macro   0x0000e378      0x418 src/ASF/common/services/delay/sam/cycle_counter.o
 .debug_macro   0x0000e790       0x22 src/ASF/common/services/delay/sam/cycle_counter.o
 .debug_macro   0x0000e7b2      0x489 src/ASF/common/services/clock/sam4n/sysclk.o
 .debug_macro   0x0000ec3b      0x41e src/ASF/sam/drivers/pmc/pmc.o
 .debug_macro   0x0000f059       0x6a src/ASF/sam/drivers/pmc/pmc.o
 .debug_macro   0x0000f0c3      0x418 src/ASF/sam/drivers/uart/uart.o
 .debug_macro   0x0000f4db       0x16 src/ASF/sam/drivers/uart/uart.o
 .debug_macro   0x0000f4f1      0x5bd src/ASF/common/boards/user_board/init.o
 .debug_macro   0x0000faae      0x2bf src/ASF/common/boards/user_board/init.o
 .debug_macro   0x0000fd6d       0x10 src/ASF/common/boards/user_board/init.o
 .debug_macro   0x0000fd7d       0x82 src/ASF/common/boards/user_board/init.o
 .debug_macro   0x0000fdff       0x9b src/ASF/common/boards/user_board/init.o
 .debug_macro   0x0000fe9a       0xe7 src/ASF/common/boards/user_board/init.o
 .debug_macro   0x0000ff81      0x304 src/ASF/common/boards/user_board/init.o
 .debug_macro   0x00010285       0x94 src/ASF/common/boards/user_board/init.o
 .debug_macro   0x00010319       0x9a src/ASF/common/boards/user_board/init.o
 .debug_macro   0x000103b3       0x4c src/ASF/common/boards/user_board/init.o
 .debug_macro   0x000103ff       0x1c src/ASF/common/boards/user_board/init.o
 .debug_macro   0x0001041b       0x10 src/ASF/common/boards/user_board/init.o
 .debug_macro   0x0001042b      0x42b src/ASF/sam/drivers/wdt/wdt.o
 .debug_macro   0x00010856      0x2be src/ASF/sam/utils/cmsis/sam4n/source/templates/exceptions.o
 .debug_macro   0x00010b14      0x2b4 src/ASF/sam/utils/cmsis/sam4n/source/templates/gcc/startup_sam4n.o
 .debug_macro   0x00010dc8      0x421 src/ASF/sam/utils/cmsis/sam4n/source/templates/system_sam4n.o
 .debug_macro   0x000111e9      0x4cd src/LCD.o
 .debug_macro   0x000116b6       0x22 src/LCD.o
 .debug_macro   0x000116d8      0x667 src/main.o
 .debug_macro   0x00011d3f      0x1e1 src/main.o
 .debug_macro   0x00011f20       0x28 src/main.o

.debug_line     0x00000000     0xe805
 .debug_line    0x00000000     0x1388 src/ASF/common/components/memory/sd_mmc/sd_mmc.o
 .debug_line    0x00001388      0xeae src/ASF/common/components/memory/sd_mmc/sd_mmc_spi.o
 .debug_line    0x00002236      0xd57 src/ASF/common/services/spi/sam_spi/spi_master.o
 .debug_line    0x00002f8d      0xd09 src/ASF/sam/drivers/pio/pio.o
 .debug_line    0x00003c96      0xa93 src/ASF/sam/drivers/pio/pio_handler.o
 .debug_line    0x00004729      0xc4f src/ASF/sam/drivers/spi/spi.o
 .debug_line    0x00005378      0xbd2 src/ASF/sam/drivers/twi/twi.o
 .debug_line    0x00005f4a      0x9aa src/ASF/common/services/delay/sam/cycle_counter.o
 .debug_line    0x000068f4      0xbe5 src/ASF/common/services/clock/sam4n/sysclk.o
 .debug_line    0x000074d9      0xef1 src/ASF/sam/drivers/pmc/pmc.o
 .debug_line    0x000083ca      0xb70 src/ASF/sam/drivers/uart/uart.o
 .debug_line    0x00008f3a      0xee0 src/ASF/common/boards/user_board/init.o
 .debug_line    0x00009e1a      0x9f5 src/ASF/sam/drivers/wdt/wdt.o
 .debug_line    0x0000a80f      0x7ba src/ASF/sam/utils/cmsis/sam4n/source/templates/exceptions.o
 .debug_line    0x0000afc9      0x7f8 src/ASF/sam/utils/cmsis/sam4n/source/templates/gcc/startup_sam4n.o
 .debug_line    0x0000b7c1      0xa14 src/ASF/sam/utils/cmsis/sam4n/source/templates/system_sam4n.o
 .debug_line    0x0000c1d5      0xd97 src/LCD.o
 .debug_line    0x0000cf6c      0xf2e src/main.o
 .debug_line    0x0000de9a      0x183 c:/program files (x86)/atmel/atmel toolchain/arm gcc/native/4.8.1429/arm-gnu-toolchain/bin/../lib/gcc/arm-none-eabi/4.8.3/../../../../arm-none-eabi/lib/armv7e-m\libc.a(lib_a-impure.o)
 .debug_line    0x0000e01d      0x136 c:/program files (x86)/atmel/atmel toolchain/arm gcc/native/4.8.1429/arm-gnu-toolchain/bin/../lib/gcc/arm-none-eabi/4.8.3/../../../../arm-none-eabi/lib/armv7e-m\libc.a(lib_a-init.o)
 .debug_line    0x0000e153      0x25f c:/program files (x86)/atmel/atmel toolchain/arm gcc/native/4.8.1429/arm-gnu-toolchain/bin/../lib/gcc/arm-none-eabi/4.8.3/../../../../arm-none-eabi/lib/armv7e-m\libc.a(lib_a-__call_atexit.o)
 .debug_line    0x0000e3b2      0x109 c:/program files (x86)/atmel/atmel toolchain/arm gcc/native/4.8.1429/arm-gnu-toolchain/bin/../lib/gcc/arm-none-eabi/4.8.3/../../../../arm-none-eabi/lib/armv7e-m\libc.a(lib_a-atexit.o)
 .debug_line    0x0000e4bb      0x11b c:/program files (x86)/atmel/atmel toolchain/arm gcc/native/4.8.1429/arm-gnu-toolchain/bin/../lib/gcc/arm-none-eabi/4.8.3/../../../../arm-none-eabi/lib/armv7e-m\libc.a(lib_a-fini.o)
 .debug_line    0x0000e5d6      0x22f c:/program files (x86)/atmel/atmel toolchain/arm gcc/native/4.8.1429/arm-gnu-toolchain/bin/../lib/gcc/arm-none-eabi/4.8.3/../../../../arm-none-eabi/lib/armv7e-m\libc.a(lib_a-__atexit.o)

.debug_str      0x00000000    0x45b28
 .debug_str     0x00000000    0x3f92e src/ASF/common/components/memory/sd_mmc/sd_mmc.o
                              0x3fcba (size before relaxing)
 .debug_str     0x0003f92e      0x7a4 src/ASF/common/components/memory/sd_mmc/sd_mmc_spi.o
                              0x3f29b (size before relaxing)
 .debug_str     0x000400d2      0x39f src/ASF/common/services/spi/sam_spi/spi_master.o
                              0x395c6 (size before relaxing)
 .debug_str     0x00040471      0x83f src/ASF/sam/drivers/pio/pio.o
                              0x38601 (size before relaxing)
 .debug_str     0x00040cb0      0x3d8 src/ASF/sam/drivers/pio/pio_handler.o
                              0x3856c (size before relaxing)
 .debug_str     0x00041088      0x329 src/ASF/sam/drivers/spi/spi.o
                              0x3931b (size before relaxing)
 .debug_str     0x000413b1      0x50f src/ASF/sam/drivers/twi/twi.o
                              0x380d8 (size before relaxing)
 .debug_str     0x000418c0       0x35 src/ASF/common/services/delay/sam/cycle_counter.o
                              0x37d29 (size before relaxing)
 .debug_str     0x000418f5      0x1e5 src/ASF/common/services/clock/sam4n/sysclk.o
                              0x3911c (size before relaxing)
 .debug_str     0x00041ada      0x634 src/ASF/sam/drivers/pmc/pmc.o
                              0x385f7 (size before relaxing)
 .debug_str     0x0004210e      0x335 src/ASF/sam/drivers/uart/uart.o
                              0x37f69 (size before relaxing)
 .debug_str     0x00042443     0x1951 src/ASF/common/boards/user_board/init.o
                              0x3b8f4 (size before relaxing)
 .debug_str     0x00043d94       0xfe src/ASF/sam/drivers/wdt/wdt.o
                              0x37cbb (size before relaxing)
 .debug_str     0x00043e92       0x4d src/ASF/sam/utils/cmsis/sam4n/source/templates/exceptions.o
                              0x2b874 (size before relaxing)
 .debug_str     0x00043edf      0x3cd src/ASF/sam/utils/cmsis/sam4n/source/templates/gcc/startup_sam4n.o
                              0x2bc68 (size before relaxing)
 .debug_str     0x000442ac      0x1b2 src/ASF/sam/utils/cmsis/sam4n/source/templates/system_sam4n.o
                              0x37e6f (size before relaxing)
 .debug_str     0x0004445e       0xe2 src/LCD.o
                              0x39a0d (size before relaxing)
 .debug_str     0x00044540      0xe56 src/main.o
                              0x3d727 (size before relaxing)
 .debug_str     0x00045396      0x47f c:/program files (x86)/atmel/atmel toolchain/arm gcc/native/4.8.1429/arm-gnu-toolchain/bin/../lib/gcc/arm-none-eabi/4.8.3/../../../../arm-none-eabi/lib/armv7e-m\libc.a(lib_a-impure.o)
                                0x578 (size before relaxing)
 .debug_str     0x00045815       0xc0 c:/program files (x86)/atmel/atmel toolchain/arm gcc/native/4.8.1429/arm-gnu-toolchain/bin/../lib/gcc/arm-none-eabi/4.8.3/../../../../arm-none-eabi/lib/armv7e-m\libc.a(lib_a-init.o)
                                0x207 (size before relaxing)
 .debug_str     0x000458d5       0xc1 c:/program files (x86)/atmel/atmel toolchain/arm gcc/native/4.8.1429/arm-gnu-toolchain/bin/../lib/gcc/arm-none-eabi/4.8.3/../../../../arm-none-eabi/lib/armv7e-m\libc.a(lib_a-__call_atexit.o)
                                0x5d7 (size before relaxing)
 .debug_str     0x00045996       0xa8 c:/program files (x86)/atmel/atmel toolchain/arm gcc/native/4.8.1429/arm-gnu-toolchain/bin/../lib/gcc/arm-none-eabi/4.8.3/../../../../arm-none-eabi/lib/armv7e-m\libc.a(lib_a-atexit.o)
                                0x1e3 (size before relaxing)
 .debug_str     0x00045a3e       0x84 c:/program files (x86)/atmel/atmel toolchain/arm gcc/native/4.8.1429/arm-gnu-toolchain/bin/../lib/gcc/arm-none-eabi/4.8.3/../../../../arm-none-eabi/lib/armv7e-m\libc.a(lib_a-fini.o)
                                0x1dd (size before relaxing)
 .debug_str     0x00045ac2       0x66 c:/program files (x86)/atmel/atmel toolchain/arm gcc/native/4.8.1429/arm-gnu-toolchain/bin/../lib/gcc/arm-none-eabi/4.8.3/../../../../arm-none-eabi/lib/armv7e-m\libc.a(lib_a-__atexit.o)
                                0x5bf (size before relaxing)

.debug_frame    0x00000000     0x29d0
 .debug_frame   0x00000000      0x6f0 src/ASF/common/components/memory/sd_mmc/sd_mmc.o
 .debug_frame   0x000006f0      0x2c4 src/ASF/common/components/memory/sd_mmc/sd_mmc_spi.o
 .debug_frame   0x000009b4      0x2d0 src/ASF/common/services/spi/sam_spi/spi_master.o
 .debug_frame   0x00000c84      0x4b8 src/ASF/sam/drivers/pio/pio.o
 .debug_frame   0x0000113c      0x154 src/ASF/sam/drivers/pio/pio_handler.o
 .debug_frame   0x00001290      0x220 src/ASF/sam/drivers/spi/spi.o
 .debug_frame   0x000014b0      0x28c src/ASF/sam/drivers/twi/twi.o
 .debug_frame   0x0000173c       0x2c src/ASF/common/services/delay/sam/cycle_counter.o
 .debug_frame   0x00001768      0x1c4 src/ASF/common/services/clock/sam4n/sysclk.o
 .debug_frame   0x0000192c      0x5d8 src/ASF/sam/drivers/pmc/pmc.o
 .debug_frame   0x00001f04      0x2e8 src/ASF/sam/drivers/uart/uart.o
 .debug_frame   0x000021ec       0xbc src/ASF/common/boards/user_board/init.o
 .debug_frame   0x000022a8       0xb8 src/ASF/sam/drivers/wdt/wdt.o
 .debug_frame   0x00002360       0x28 src/ASF/sam/utils/cmsis/sam4n/source/templates/exceptions.o
 .debug_frame   0x00002388       0x30 src/ASF/sam/utils/cmsis/sam4n/source/templates/gcc/startup_sam4n.o
 .debug_frame   0x000023b8       0x5c src/ASF/sam/utils/cmsis/sam4n/source/templates/system_sam4n.o
 .debug_frame   0x00002414      0x140 src/LCD.o
 .debug_frame   0x00002554      0x110 src/main.o
 .debug_frame   0x00002664       0x2c c:/program files (x86)/atmel/atmel toolchain/arm gcc/native/4.8.1429/arm-gnu-toolchain/bin/../lib/gcc/arm-none-eabi/4.8.3/../../../../arm-none-eabi/lib/armv7e-m\libm.a(lib_a-s_sin.o)
 .debug_frame   0x00002690       0x38 c:/program files (x86)/atmel/atmel toolchain/arm gcc/native/4.8.1429/arm-gnu-toolchain/bin/../lib/gcc/arm-none-eabi/4.8.3/../../../../arm-none-eabi/lib/armv7e-m\libm.a(lib_a-e_rem_pio2.o)
 .debug_frame   0x000026c8       0x38 c:/program files (x86)/atmel/atmel toolchain/arm gcc/native/4.8.1429/arm-gnu-toolchain/bin/../lib/gcc/arm-none-eabi/4.8.3/../../../../arm-none-eabi/lib/armv7e-m\libm.a(lib_a-k_cos.o)
 .debug_frame   0x00002700       0x3c c:/program files (x86)/atmel/atmel toolchain/arm gcc/native/4.8.1429/arm-gnu-toolchain/bin/../lib/gcc/arm-none-eabi/4.8.3/../../../../arm-none-eabi/lib/armv7e-m\libm.a(lib_a-k_rem_pio2.o)
 .debug_frame   0x0000273c       0x38 c:/program files (x86)/atmel/atmel toolchain/arm gcc/native/4.8.1429/arm-gnu-toolchain/bin/../lib/gcc/arm-none-eabi/4.8.3/../../../../arm-none-eabi/lib/armv7e-m\libm.a(lib_a-k_sin.o)
 .debug_frame   0x00002774       0x20 c:/program files (x86)/atmel/atmel toolchain/arm gcc/native/4.8.1429/arm-gnu-toolchain/bin/../lib/gcc/arm-none-eabi/4.8.3/../../../../arm-none-eabi/lib/armv7e-m\libm.a(lib_a-s_fabs.o)
 .debug_frame   0x00002794       0x34 c:/program files (x86)/atmel/atmel toolchain/arm gcc/native/4.8.1429/arm-gnu-toolchain/bin/../lib/gcc/arm-none-eabi/4.8.3/../../../../arm-none-eabi/lib/armv7e-m\libm.a(lib_a-s_floor.o)
 .debug_frame   0x000027c8       0x30 c:/program files (x86)/atmel/atmel toolchain/arm gcc/native/4.8.1429/arm-gnu-toolchain/bin/../lib/gcc/arm-none-eabi/4.8.3/../../../../arm-none-eabi/lib/armv7e-m\libm.a(lib_a-s_scalbn.o)
 .debug_frame   0x000027f8       0x2c c:/program files (x86)/atmel/atmel toolchain/arm gcc/native/4.8.1429/arm-gnu-toolchain/bin/../lib/gcc/arm-none-eabi/4.8.3/../../../../arm-none-eabi/lib/armv7e-m\libm.a(lib_a-s_copysign.o)
 .debug_frame   0x00002824       0x50 c:/program files (x86)/atmel/atmel toolchain/arm gcc/native/4.8.1429/arm-gnu-toolchain/bin/../lib/gcc/arm-none-eabi/4.8.3/armv7e-m\libgcc.a(bpabi.o)
 .debug_frame   0x00002874       0x34 c:/program files (x86)/atmel/atmel toolchain/arm gcc/native/4.8.1429/arm-gnu-toolchain/bin/../lib/gcc/arm-none-eabi/4.8.3/armv7e-m\libgcc.a(_divdi3.o)
 .debug_frame   0x000028a8       0x34 c:/program files (x86)/atmel/atmel toolchain/arm gcc/native/4.8.1429/arm-gnu-toolchain/bin/../lib/gcc/arm-none-eabi/4.8.3/armv7e-m\libgcc.a(_udivdi3.o)
 .debug_frame   0x000028dc       0x2c c:/program files (x86)/atmel/atmel toolchain/arm gcc/native/4.8.1429/arm-gnu-toolchain/bin/../lib/gcc/arm-none-eabi/4.8.3/../../../../arm-none-eabi/lib/armv7e-m\libc.a(lib_a-init.o)
 .debug_frame   0x00002908       0x48 c:/program files (x86)/atmel/atmel toolchain/arm gcc/native/4.8.1429/arm-gnu-toolchain/bin/../lib/gcc/arm-none-eabi/4.8.3/../../../../arm-none-eabi/lib/armv7e-m\libc.a(lib_a-__call_atexit.o)
 .debug_frame   0x00002950       0x20 c:/program files (x86)/atmel/atmel toolchain/arm gcc/native/4.8.1429/arm-gnu-toolchain/bin/../lib/gcc/arm-none-eabi/4.8.3/../../../../arm-none-eabi/lib/armv7e-m\libc.a(lib_a-atexit.o)
 .debug_frame   0x00002970       0x2c c:/program files (x86)/atmel/atmel toolchain/arm gcc/native/4.8.1429/arm-gnu-toolchain/bin/../lib/gcc/arm-none-eabi/4.8.3/../../../../arm-none-eabi/lib/armv7e-m\libc.a(lib_a-fini.o)
 .debug_frame   0x0000299c       0x34 c:/program files (x86)/atmel/atmel toolchain/arm gcc/native/4.8.1429/arm-gnu-toolchain/bin/../lib/gcc/arm-none-eabi/4.8.3/../../../../arm-none-eabi/lib/armv7e-m\libc.a(lib_a-__atexit.o)

Cross Reference Table

Symbol                                            File
ADC_Handler                                       src/ASF/sam/utils/cmsis/sam4n/source/templates/exceptions.o
                                                  src/ASF/sam/utils/cmsis/sam4n/source/templates/gcc/startup_sam4n.o
BusFault_Handler                                  src/ASF/sam/utils/cmsis/sam4n/source/templates/exceptions.o
                                                  src/ASF/sam/utils/cmsis/sam4n/source/templates/gcc/startup_sam4n.o
DACC_Handler                                      src/ASF/sam/utils/cmsis/sam4n/source/templates/exceptions.o
                                                  src/ASF/sam/utils/cmsis/sam4n/source/templates/gcc/startup_sam4n.o
DebugMon_Handler                                  src/ASF/sam/utils/cmsis/sam4n/source/templates/exceptions.o
                                                  src/ASF/sam/utils/cmsis/sam4n/source/templates/gcc/startup_sam4n.o
Dummy_Handler                                     src/ASF/sam/utils/cmsis/sam4n/source/templates/exceptions.o
EFC_Handler                                       src/ASF/sam/utils/cmsis/sam4n/source/templates/exceptions.o
                                                  src/ASF/sam/utils/cmsis/sam4n/source/templates/gcc/startup_sam4n.o
FLAG                                              src/main.o
HardFault_Handler                                 src/ASF/sam/utils/cmsis/sam4n/source/templates/exceptions.o
                                                  src/ASF/sam/utils/cmsis/sam4n/source/templates/gcc/startup_sam4n.o
MemManage_Handler                                 src/ASF/sam/utils/cmsis/sam4n/source/templates/exceptions.o
                                                  src/ASF/sam/utils/cmsis/sam4n/source/templates/gcc/startup_sam4n.o
NMI_Handler                                       src/ASF/sam/utils/cmsis/sam4n/source/templates/exceptions.o
                                                  src/ASF/sam/utils/cmsis/sam4n/source/templates/gcc/startup_sam4n.o
PALETTE                                           src/main.o
PIOA_Handler                                      src/ASF/sam/drivers/pio/pio_handler.o
                                                  src/ASF/sam/utils/cmsis/sam4n/source/templates/gcc/startup_sam4n.o
PIOB_Handler                                      src/ASF/sam/drivers/pio/pio_handler.o
                                                  src/ASF/sam/utils/cmsis/sam4n/source/templates/gcc/startup_sam4n.o
PIOC_Handler                                      src/ASF/sam/drivers/pio/pio_handler.o
                                                  src/ASF/sam/utils/cmsis/sam4n/source/templates/gcc/startup_sam4n.o
PMC_Handler                                       src/ASF/sam/utils/cmsis/sam4n/source/templates/exceptions.o
                                                  src/ASF/sam/utils/cmsis/sam4n/source/templates/gcc/startup_sam4n.o
PWM_Handler                                       src/ASF/sam/utils/cmsis/sam4n/source/templates/exceptions.o
                                                  src/ASF/sam/utils/cmsis/sam4n/source/templates/gcc/startup_sam4n.o
PendSV_Handler                                    src/ASF/sam/utils/cmsis/sam4n/source/templates/exceptions.o
                                                  src/ASF/sam/utils/cmsis/sam4n/source/templates/gcc/startup_sam4n.o
RSTC_Handler                                      src/ASF/sam/utils/cmsis/sam4n/source/templates/exceptions.o
                                                  src/ASF/sam/utils/cmsis/sam4n/source/templates/gcc/startup_sam4n.o
RTC_Handler                                       src/ASF/sam/utils/cmsis/sam4n/source/templates/exceptions.o
                                                  src/ASF/sam/utils/cmsis/sam4n/source/templates/gcc/startup_sam4n.o
RTT_Handler                                       src/ASF/sam/utils/cmsis/sam4n/source/templates/exceptions.o
                                                  src/ASF/sam/utils/cmsis/sam4n/source/templates/gcc/startup_sam4n.o
Reset_Handler                                     src/ASF/sam/utils/cmsis/sam4n/source/templates/gcc/startup_sam4n.o
SPI_Handler                                       src/ASF/sam/utils/cmsis/sam4n/source/templates/exceptions.o
                                                  src/ASF/sam/utils/cmsis/sam4n/source/templates/gcc/startup_sam4n.o
SUPC_Handler                                      src/ASF/sam/utils/cmsis/sam4n/source/templates/exceptions.o
                                                  src/ASF/sam/utils/cmsis/sam4n/source/templates/gcc/startup_sam4n.o
SVC_Handler                                       src/ASF/sam/utils/cmsis/sam4n/source/templates/exceptions.o
                                                  src/ASF/sam/utils/cmsis/sam4n/source/templates/gcc/startup_sam4n.o
SysTick_Handler                                   src/ASF/sam/utils/cmsis/sam4n/source/templates/exceptions.o
                                                  src/ASF/sam/utils/cmsis/sam4n/source/templates/gcc/startup_sam4n.o
SystemCoreClock                                   src/ASF/sam/utils/cmsis/sam4n/source/templates/system_sam4n.o
SystemCoreClockUpdate                             src/ASF/sam/utils/cmsis/sam4n/source/templates/system_sam4n.o
                                                  src/ASF/common/services/clock/sam4n/sysclk.o
SystemInit                                        src/ASF/sam/utils/cmsis/sam4n/source/templates/system_sam4n.o
TC0_Handler                                       src/ASF/sam/utils/cmsis/sam4n/source/templates/exceptions.o
                                                  src/ASF/sam/utils/cmsis/sam4n/source/templates/gcc/startup_sam4n.o
TC1_Handler                                       src/ASF/sam/utils/cmsis/sam4n/source/templates/exceptions.o
                                                  src/ASF/sam/utils/cmsis/sam4n/source/templates/gcc/startup_sam4n.o
TC2_Handler                                       src/ASF/sam/utils/cmsis/sam4n/source/templates/exceptions.o
                                                  src/ASF/sam/utils/cmsis/sam4n/source/templates/gcc/startup_sam4n.o
TC3_Handler                                       src/ASF/sam/utils/cmsis/sam4n/source/templates/exceptions.o
                                                  src/ASF/sam/utils/cmsis/sam4n/source/templates/gcc/startup_sam4n.o
TC4_Handler                                       src/ASF/sam/utils/cmsis/sam4n/source/templates/exceptions.o
                                                  src/ASF/sam/utils/cmsis/sam4n/source/templates/gcc/startup_sam4n.o
TC5_Handler                                       src/ASF/sam/utils/cmsis/sam4n/source/templates/exceptions.o
                                                  src/ASF/sam/utils/cmsis/sam4n/source/templates/gcc/startup_sam4n.o
TWI0_Handler                                      src/ASF/sam/utils/cmsis/sam4n/source/templates/exceptions.o
                                                  src/ASF/sam/utils/cmsis/sam4n/source/templates/gcc/startup_sam4n.o
TWI1_Handler                                      src/ASF/sam/utils/cmsis/sam4n/source/templates/exceptions.o
                                                  src/ASF/sam/utils/cmsis/sam4n/source/templates/gcc/startup_sam4n.o
TWI2_Handler                                      src/ASF/sam/utils/cmsis/sam4n/source/templates/exceptions.o
                                                  src/ASF/sam/utils/cmsis/sam4n/source/templates/gcc/startup_sam4n.o
UART0_Handler                                     src/ASF/sam/utils/cmsis/sam4n/source/templates/exceptions.o
                                                  src/ASF/sam/utils/cmsis/sam4n/source/templates/gcc/startup_sam4n.o
UART1_Handler                                     src/ASF/sam/utils/cmsis/sam4n/source/templates/exceptions.o
                                                  src/ASF/sam/utils/cmsis/sam4n/source/templates/gcc/startup_sam4n.o
UART2_Handler                                     src/ASF/sam/utils/cmsis/sam4n/source/templates/exceptions.o
                                                  src/ASF/sam/utils/cmsis/sam4n/source/templates/gcc/startup_sam4n.o
UART3_Handler                                     src/ASF/sam/utils/cmsis/sam4n/source/templates/exceptions.o
                                                  src/ASF/sam/utils/cmsis/sam4n/source/templates/gcc/startup_sam4n.o
USART0_Handler                                    src/ASF/sam/utils/cmsis/sam4n/source/templates/exceptions.o
                                                  src/ASF/sam/utils/cmsis/sam4n/source/templates/gcc/startup_sam4n.o
USART1_Handler                                    src/ASF/sam/utils/cmsis/sam4n/source/templates/exceptions.o
                                                  src/ASF/sam/utils/cmsis/sam4n/source/templates/gcc/startup_sam4n.o
USART2_Handler                                    src/ASF/sam/utils/cmsis/sam4n/source/templates/exceptions.o
                                                  src/ASF/sam/utils/cmsis/sam4n/source/templates/gcc/startup_sam4n.o
UsageFault_Handler                                src/ASF/sam/utils/cmsis/sam4n/source/templates/exceptions.o
                                                  src/ASF/sam/utils/cmsis/sam4n/source/templates/gcc/startup_sam4n.o
WDT_Handler                                       src/ASF/sam/utils/cmsis/sam4n/source/templates/exceptions.o
                                                  src/ASF/sam/utils/cmsis/sam4n/source/templates/gcc/startup_sam4n.o
_ITM_deregisterTMCloneTable                       c:/program files (x86)/atmel/atmel toolchain/arm gcc/native/4.8.1429/arm-gnu-toolchain/bin/../lib/gcc/arm-none-eabi/4.8.3/armv7e-m/crtbegin.o
_ITM_registerTMCloneTable                         c:/program files (x86)/atmel/atmel toolchain/arm gcc/native/4.8.1429/arm-gnu-toolchain/bin/../lib/gcc/arm-none-eabi/4.8.3/armv7e-m/crtbegin.o
_Jv_RegisterClasses                               c:/program files (x86)/atmel/atmel toolchain/arm gcc/native/4.8.1429/arm-gnu-toolchain/bin/../lib/gcc/arm-none-eabi/4.8.3/armv7e-m/crtbegin.o
_PathLocale                                       c:/program files (x86)/atmel/atmel toolchain/arm gcc/native/4.8.1429/arm-gnu-toolchain/bin/../lib/gcc/arm-none-eabi/4.8.3/../../../../arm-none-eabi/lib/armv7e-m\libc.a(lib_a-locale.o)
__TMC_END__                                       c:/program files (x86)/atmel/atmel toolchain/arm gcc/native/4.8.1429/arm-gnu-toolchain/bin/../lib/gcc/arm-none-eabi/4.8.3/armv7e-m/crtend.o
                                                  c:/program files (x86)/atmel/atmel toolchain/arm gcc/native/4.8.1429/arm-gnu-toolchain/bin/../lib/gcc/arm-none-eabi/4.8.3/armv7e-m/crtbegin.o
__adddf3                                          c:/program files (x86)/atmel/atmel toolchain/arm gcc/native/4.8.1429/arm-gnu-toolchain/bin/../lib/gcc/arm-none-eabi/4.8.3/armv7e-m\libgcc.a(_arm_addsubdf3.o)
__aeabi_cdcmpeq                                   c:/program files (x86)/atmel/atmel toolchain/arm gcc/native/4.8.1429/arm-gnu-toolchain/bin/../lib/gcc/arm-none-eabi/4.8.3/armv7e-m\libgcc.a(_arm_cmpdf2.o)
__aeabi_cdcmple                                   c:/program files (x86)/atmel/atmel toolchain/arm gcc/native/4.8.1429/arm-gnu-toolchain/bin/../lib/gcc/arm-none-eabi/4.8.3/armv7e-m\libgcc.a(_arm_cmpdf2.o)
__aeabi_cdrcmple                                  c:/program files (x86)/atmel/atmel toolchain/arm gcc/native/4.8.1429/arm-gnu-toolchain/bin/../lib/gcc/arm-none-eabi/4.8.3/armv7e-m\libgcc.a(_arm_cmpdf2.o)
__aeabi_d2iz                                      c:/program files (x86)/atmel/atmel toolchain/arm gcc/native/4.8.1429/arm-gnu-toolchain/bin/../lib/gcc/arm-none-eabi/4.8.3/armv7e-m\libgcc.a(_arm_fixdfsi.o)
                                                  c:/program files (x86)/atmel/atmel toolchain/arm gcc/native/4.8.1429/arm-gnu-toolchain/bin/../lib/gcc/arm-none-eabi/4.8.3/../../../../arm-none-eabi/lib/armv7e-m\libm.a(lib_a-k_sin.o)
                                                  c:/program files (x86)/atmel/atmel toolchain/arm gcc/native/4.8.1429/arm-gnu-toolchain/bin/../lib/gcc/arm-none-eabi/4.8.3/../../../../arm-none-eabi/lib/armv7e-m\libm.a(lib_a-k_rem_pio2.o)